Component: ARM Compiler 5.06 update 6 (build 750) Tool: armlink [4d35ed]

==============================================================================

Section Cross References

    isr.o(i.DMA1_Channel1_IRQHandler) refers to hal_dma.o(i.DMA_GetFlagStatus) for DMA_GetFlagStatus
    isr.o(i.DMA1_Channel1_IRQHandler) refers to hal_dma.o(i.DMA_ClearFlag) for DMA_ClearFlag
    isr.o(i.DMA1_Channel2_3_IRQHandler) refers to hal_dma.o(i.DMA_GetFlagStatus) for DMA_GetFlagStatus
    isr.o(i.DMA1_Channel2_3_IRQHandler) refers to hal_dma.o(i.DMA_ClearFlag) for DMA_ClearFlag
    isr.o(i.DMA1_Channel4_5_IRQHandler) refers to hal_dma.o(i.DMA_GetFlagStatus) for DMA_GetFlagStatus
    isr.o(i.DMA1_Channel4_5_IRQHandler) refers to hal_dma.o(i.DMA_ClearFlag) for DMA_ClearFlag
    isr.o(i.DMA1_Channel4_5_IRQHandler) refers to seekfree_uart_7725.o(i.ov7725_uart_dma) for ov7725_uart_dma
    isr.o(i.DMA1_Channel4_5_IRQHandler) refers to seekfree_mt9v03x.o(i.mt9v03x_dma) for mt9v03x_dma
    isr.o(i.DMA1_Channel4_5_IRQHandler) refers to common.o(.data) for camera_type
    isr.o(i.EXTI0_1_IRQHandler) refers to hal_exti.o(i.EXTI_GetITStatus) for EXTI_GetITStatus
    isr.o(i.EXTI0_1_IRQHandler) refers to hal_exti.o(i.EXTI_ClearFlag) for EXTI_ClearFlag
    isr.o(i.EXTI2_3_IRQHandler) refers to hal_exti.o(i.EXTI_GetITStatus) for EXTI_GetITStatus
    isr.o(i.EXTI2_3_IRQHandler) refers to hal_exti.o(i.EXTI_ClearFlag) for EXTI_ClearFlag
    isr.o(i.EXTI4_15_IRQHandler) refers to hal_exti.o(i.EXTI_GetITStatus) for EXTI_GetITStatus
    isr.o(i.EXTI4_15_IRQHandler) refers to hal_exti.o(i.EXTI_ClearFlag) for EXTI_ClearFlag
    isr.o(i.EXTI4_15_IRQHandler) refers to seekfree_uart_7725.o(i.ov7725_uart_vsync) for ov7725_uart_vsync
    isr.o(i.EXTI4_15_IRQHandler) refers to seekfree_mt9v03x.o(i.mt9v03x_vsync) for mt9v03x_vsync
    isr.o(i.EXTI4_15_IRQHandler) refers to common.o(.data) for camera_type
    isr.o(i.TIM14_IRQHandler) refers to motor.o(i.encode_Init) for encode_Init
    isr.o(i.TIM14_IRQHandler) refers to motor.o(i.motor_Init) for motor_Init
    isr.o(i.TIM16_IRQHandler) refers to direction.o(i.direction_init) for direction_init
    isr.o(i.TIM17_IRQHandler) refers to direction.o(i.ADC_init) for ADC_init
    isr.o(i.TIM17_IRQHandler) refers to new.o(i.discriminate_init) for discriminate_init
    isr.o(i.UART2_IRQHandler) refers to seekfree_uart_7725.o(i.ov7725_cof_uart_interrupt) for ov7725_cof_uart_interrupt
    isr.o(i.UART2_IRQHandler) refers to seekfree_mt9v03x.o(i.mt9v03x_uart_callback) for mt9v03x_uart_callback
    isr.o(i.UART2_IRQHandler) refers to common.o(.data) for camera_type
    main.o(i.All_Config) refers to zf_tim.o(i.tim_encoder_init) for tim_encoder_init
    main.o(i.All_Config) refers to zf_pwm.o(i.pwm_init) for pwm_init
    main.o(i.All_Config) refers to seekfree_18tft.o(i.lcd_init) for lcd_init
    main.o(i.All_Config) refers to seekfree_18tft.o(i.lcd_clear) for lcd_clear
    main.o(i.All_Config) refers to zf_adc.o(i.adc_init) for adc_init
    main.o(i.All_Config) refers to seekfree_wireless.o(i.seekfree_wireless_init) for seekfree_wireless_init
    main.o(i.All_Config) refers to zf_uart.o(i.uart_init) for uart_init
    main.o(i.All_Config) refers to zf_systick.o(i.systick_delay_ms) for systick_delay_ms
    main.o(i.All_Config) refers to zf_pwm.o(i.pwm_duty_updata) for pwm_duty_updata
    main.o(i.All_Config) refers to zf_pit.o(i.tim_interrupt_init) for tim_interrupt_init
    main.o(i.All_Config) refers to main.o(.data) for duty
    main.o(i.main) refers to main.o(i.All_Config) for All_Config
    main.o(i.main) refers to dadd.o(.text) for __aeabi_dadd
    main.o(i.main) refers to ddiv.o(.text) for __aeabi_ddiv
    main.o(i.main) refers to dmul.o(.text) for __aeabi_dmul
    main.o(i.main) refers to dfixui.o(.text) for __aeabi_d2uiz
    main.o(i.main) refers to serial.o(i.sent_date) for sent_date
    main.o(i.main) refers to lcd.o(i.LCD_TFT_Init) for LCD_TFT_Init
    main.o(i.main) refers to main.o(.data) for pre_motor
    direction.o(i.ADC_init) refers to zf_adc.o(i.adc_mean_filter) for adc_mean_filter
    direction.o(i.ADC_init) refers to dfltui.o(.text) for __aeabi_ui2d
    direction.o(i.ADC_init) refers to main.o(.data) for a
    direction.o(i.LossLine_init) refers to cdcmple.o(.text) for __aeabi_cdcmple
    direction.o(i.LossLine_init) refers to cdrcmple.o(.text) for __aeabi_cdrcmple
    direction.o(i.LossLine_init) refers to main.o(.data) for a
    direction.o(i.direction_init) refers to circle.o(i.circle_init) for circle_init
    direction.o(i.direction_init) refers to threeforks.o(i.threeforks_init) for threeforks_init
    direction.o(i.direction_init) refers to curve.o(i.Curve_init) for Curve_init
    direction.o(i.direction_init) refers to pid_parameter.o(i.direction_PID_init) for direction_PID_init
    direction.o(i.direction_init) refers to main.o(.data) for CircleFlag
    lcd.o(i.LCD_TFT_Init) refers to dfixi.o(.text) for __aeabi_d2iz
[...]
    Removing hal_tim.o(i.TI3_Configure), (38 bytes).
    Removing hal_tim.o(i.TI4_Configure), (42 bytes).
    Removing hal_tim.o(i.TIM_ARRPreloadConfig), (24 bytes).
    Removing hal_tim.o(i.TIM_BDTRConfig), (30 bytes).
    Removing hal_tim.o(i.TIM_BDTRStructInit), (18 bytes).
    Removing hal_tim.o(i.TIM_CCPreloadControl), (24 bytes).
    Removing hal_tim.o(i.TIM_CCxCmd), (20 bytes).
    Removing hal_tim.o(i.TIM_CCxNCmd), (24 bytes).
    Removing hal_tim.o(i.TIM_ClearFlag), (8 bytes).
    Removing hal_tim.o(i.TIM_ClearITPendingBit), (8 bytes).
    Removing hal_tim.o(i.TIM_ClearOC1Ref), (12 bytes).
    Removing hal_tim.o(i.TIM_ClearOC2Ref), (16 bytes).
    Removing hal_tim.o(i.TIM_ClearOC3Ref), (12 bytes).
    Removing hal_tim.o(i.TIM_ClearOC4Ref), (16 bytes).
    Removing hal_tim.o(i.TIM_Cmd), (24 bytes).
    Removing hal_tim.o(i.TIM_CounterModeConfig), (12 bytes).
    Removing hal_tim.o(i.TIM_CtrlPWMOutputs), (28 bytes).
    Removing hal_tim.o(i.TIM_DMACmd), (20 bytes).
    Removing hal_tim.o(i.TIM_DMAConfig), (8 bytes).
    Removing hal_tim.o(i.TIM_DeInit), (144 bytes).
    Removing hal_tim.o(i.TIM_ETRClockMode1Config), (34 bytes).
    Removing hal_tim.o(i.TIM_ETRClockMode2Config), (34 bytes).
    Removing hal_tim.o(i.TIM_ETRConfig), (50 bytes).
    Removing hal_tim.o(i.TIM_EncoderInterfaceConfig), (44 bytes).
    Removing hal_tim.o(i.TIM_ForcedOC1Config), (12 bytes).
    Removing hal_tim.o(i.TIM_ForcedOC2Config), (16 bytes).
    Removing hal_tim.o(i.TIM_ForcedOC3Config), (12 bytes).
    Removing hal_tim.o(i.TIM_ForcedOC4Config), (16 bytes).
    Removing hal_tim.o(i.TIM_GenerateEvent), (4 bytes).
    Removing hal_tim.o(i.TIM_GetCapture1), (6 bytes).
    Removing hal_tim.o(i.TIM_GetCapture2), (6 bytes).
    Removing hal_tim.o(i.TIM_GetCapture3), (6 bytes).
    Removing hal_tim.o(i.TIM_GetCapture4), (6 bytes).
    Removing hal_tim.o(i.TIM_GetCounter), (6 bytes).
    Removing hal_tim.o(i.TIM_GetFlagStatus), (18 bytes).
    Removing hal_tim.o(i.TIM_GetITStatus), (26 bytes).
    Removing hal_tim.o(i.TIM_GetPrescaler), (8 bytes).
    Removing hal_tim.o(i.TIM_ICInit), (120 bytes).
    Removing hal_tim.o(i.TIM_ICStructInit), (18 bytes).
    Removing hal_tim.o(i.TIM_ITConfig), (20 bytes).
    Removing hal_tim.o(i.TIM_ITRxExternalClockConfig), (24 bytes).
    Removing hal_tim.o(i.TIM_InternalClockConfig), (10 bytes).
    Removing hal_tim.o(i.TIM_OC1FastConfig), (12 bytes).
    Removing hal_tim.o(i.TIM_OC1Init), (108 bytes).
    Removing hal_tim.o(i.TIM_OC1NPolarityConfig), (12 bytes).
    Removing hal_tim.o(i.TIM_OC1PolarityConfig), (12 bytes).
    Removing hal_tim.o(i.TIM_OC1PreloadConfig), (12 bytes).
    Removing hal_tim.o(i.TIM_OC2FastConfig), (16 bytes).
    Removing hal_tim.o(i.TIM_OC2Init), (104 bytes).
    Removing hal_tim.o(i.TIM_OC2NPolarityConfig), (14 bytes).
    Removing hal_tim.o(i.TIM_OC2PolarityConfig), (14 bytes).
    Removing hal_tim.o(i.TIM_OC2PreloadConfig), (16 bytes).
    Removing hal_tim.o(i.TIM_OC3FastConfig), (12 bytes).
    Removing hal_tim.o(i.TIM_OC3Init), (104 bytes).
    Removing hal_tim.o(i.TIM_OC3NPolarityConfig), (16 bytes).
    Removing hal_tim.o(i.TIM_OC3PolarityConfig), (16 bytes).
    Removing hal_tim.o(i.TIM_OC3PreloadConfig), (12 bytes).
    Removing hal_tim.o(i.TIM_OC4FastConfig), (16 bytes).
    Removing hal_tim.o(i.TIM_OC4Init), (84 bytes).
    Removing hal_tim.o(i.TIM_OC4PolarityConfig), (16 bytes).
    Removing hal_tim.o(i.TIM_OC4PreloadConfig), (16 bytes).
    Removing hal_tim.o(i.TIM_OCStructInit), (20 bytes).
    Removing hal_tim.o(i.TIM_PWMIConfig), (128 bytes).
    Removing hal_tim.o(i.TIM_PrescalerConfig), (6 bytes).
    Removing hal_tim.o(i.TIM_SelectCCDMA), (24 bytes).
    Removing hal_tim.o(i.TIM_SelectCOM), (24 bytes).
    Removing hal_tim.o(i.TIM_SelectHallSensor), (24 bytes).
    Removing hal_tim.o(i.TIM_SelectInputTrigger), (12 bytes).
    Removing hal_tim.o(i.TIM_SelectMasterSlaveMode), (12 bytes).
    Removing hal_tim.o(i.TIM_SelectOCxM), (92 bytes).
    Removing hal_tim.o(i.TIM_SelectOnePulseMode), (12 bytes).
    Removing hal_tim.o(i.TIM_SelectOutputTrigger), (12 bytes).
    Removing hal_tim.o(i.TIM_SelectSlaveMode), (12 bytes).
    Removing hal_tim.o(i.TIM_SetAutoreload), (4 bytes).
    Removing hal_tim.o(i.TIM_SetClockDivision), (14 bytes).
    Removing hal_tim.o(i.TIM_SetCompare1), (18 bytes).
    Removing hal_tim.o(i.TIM_SetCompare2), (18 bytes).
    Removing hal_tim.o(i.TIM_SetCompare3), (18 bytes).
    Removing hal_tim.o(i.TIM_SetCompare4), (18 bytes).
    Removing hal_tim.o(i.TIM_SetCounter), (18 bytes).
    Removing hal_tim.o(i.TIM_SetIC1Prescaler), (12 bytes).
    Removing hal_tim.o(i.TIM_SetIC2Prescaler), (16 bytes).
    Removing hal_tim.o(i.TIM_SetIC3Prescaler), (12 bytes).
    Removing hal_tim.o(i.TIM_SetIC4Prescaler), (16 bytes).
    Removing hal_tim.o(i.TIM_TIxExternalClockConfig), (58 bytes).
    Removing hal_tim.o(i.TIM_TimeBaseInit), (92 bytes).
    Removing hal_tim.o(i.TIM_TimeBaseStructInit), (18 bytes).
    Removing hal_tim.o(i.TIM_UpdateDisableConfig), (24 bytes).
    Removing hal_tim.o(i.TIM_UpdateRequestConfig), (12 bytes).
    Removing hal_tim.o(i.exTIM_ClearOC5Ref), (12 bytes).
    Removing hal_tim.o(i.exTIM_DirectOutput), (28 bytes).
    Removing hal_tim.o(i.exTIM_GetCapture5), (6 bytes).
    Removing hal_tim.o(i.exTIM_OC5FastConfig), (12 bytes).
    Removing hal_tim.o(i.exTIM_OC5Init), (80 bytes).
    Removing hal_tim.o(i.exTIM_OC5PolarityConfig), (16 bytes).
    Removing hal_tim.o(i.exTIM_OC5PreloadConfig), (12 bytes).
    Removing hal_tim.o(i.exTIM_SetCompare5), (6 bytes).
    Removing hal_tim.o(i.exTIM_SetIC1Plority), (24 bytes).
    Removing hal_tim.o(i.exTIM_SetIC2Plority), (24 bytes).
    Removing hal_tim.o(i.exTIM_SetIC3Plority), (28 bytes).
    Removing hal_tim.o(i.exTIM_SetIC4Plority), (28 bytes).
    Removing hal_uart.o(.rev16_text), (4 bytes).
    Removing hal_uart.o(.revsh_text), (4 bytes).
    Removing hal_uart.o(i.UART_ClearITPendingBit), (4 bytes).
    Removing hal_uart.o(i.UART_Cmd), (12 bytes).
    Removing hal_uart.o(i.UART_DMACmd), (18 bytes).
    Removing hal_uart.o(i.UART_DeInit), (44 bytes).
    Removing hal_uart.o(i.UART_Enable9bit), (16 bytes).
    Removing hal_uart.o(i.UART_GetFlagStatus), (18 bytes).
    Removing hal_uart.o(i.UART_GetITStatus), (18 bytes).
    Removing hal_uart.o(i.UART_HalfDuplexCmd), (16 bytes).
    Removing hal_uart.o(i.UART_ITConfig), (20 bytes).
    Removing hal_uart.o(i.UART_Init), (120 bytes).
    Removing hal_uart.o(i.UART_ReceiveData), (8 bytes).
    Removing hal_uart.o(i.UART_ReceiverWakeUpCmd), (16 bytes).
    Removing hal_uart.o(i.UART_SendBreak), (10 bytes).
    Removing hal_uart.o(i.UART_SendData), (6 bytes).
    Removing hal_uart.o(i.UART_Set9bitAutomaticToggle), (16 bytes).
    Removing hal_uart.o(i.UART_Set9bitLevel), (16 bytes).
    Removing hal_uart.o(i.UART_Set9bitPolarity), (14 bytes).
    Removing hal_uart.o(i.UART_SetGuardTime), (16 bytes).
    Removing hal_uart.o(i.UART_SetRXAddress), (12 bytes).
    Removing hal_uart.o(i.UART_SetRXMASK), (12 bytes).
    Removing hal_uart.o(i.UART_SmartCardCmd), (12 bytes).
    Removing hal_uart.o(i.UART_SmartCardNACKCmd), (14 bytes).
    Removing hal_uart.o(i.UART_StructInit), (26 bytes).
    Removing hal_uart.o(i.UART_WakeUpConfig), (14 bytes).
    Removing hal_uid.o(.rev16_text), (4 bytes).
    Removing hal_uid.o(.revsh_text), (4 bytes).
    Removing hal_uid.o(i.GetChipUID), (32 bytes).
    Removing hal_uid.o(.bss), (12 bytes).
    Removing hal_ver.o(.rev16_text), (4 bytes).
    Removing hal_ver.o(.revsh_text), (4 bytes).
    Removing hal_ver.o(i.Get_ChipsetDEVID), (12 bytes).
    Removing hal_ver.o(i.Get_ChipsetREVID), (16 bytes).
    Removing hal_ver.o(i.Get_ChipsetUIDw0), (12 bytes).
    Removing hal_ver.o(i.Get_ChipsetUIDw1), (12 bytes).
    Removing hal_ver.o(i.Get_ChipsetUIDw2), (12 bytes).
    Removing hal_ver.o(i.Get_MM32LibReleaseDate), (8 bytes).
    Removing hal_ver.o(i.Get_MM32LibVersion), (8 bytes).
    Removing hal_wwdg.o(.rev16_text), (4 bytes).
    Removing hal_wwdg.o(.revsh_text), (4 bytes).
    Removing hal_wwdg.o(i.WWDG_ClearFlag), (20 bytes).
    Removing hal_wwdg.o(i.WWDG_DeInit), (12 bytes).
    Removing hal_wwdg.o(i.WWDG_Enable), (16 bytes).
    Removing hal_wwdg.o(i.WWDG_EnableIT), (20 bytes).
    Removing hal_wwdg.o(i.WWDG_GetCounter), (16 bytes).
    Removing hal_wwdg.o(i.WWDG_GetFlagStatus), (20 bytes).
    Removing hal_wwdg.o(i.WWDG_SetCounter), (16 bytes).
    Removing hal_wwdg.o(i.WWDG_SetPrescaler), (24 bytes).
    Removing hal_wwdg.o(i.WWDG_SetWindowValue), (24 bytes).
    Removing dscalb.o(.text), (44 bytes).
    Removing seekfree_absolute_encoder.o(i.__ARM_common_ll_muluu), (48 bytes).

718 unused section(s) (total 44430 bytes) removed from the image.

==============================================================================

Image Symbol Table

    Local Symbols

    Symbol Name                              Value     Ov Type        Size  Object(Section)

    ../clib/../cmprslib/zerorunl2.c          0x00000000   Number         0  __dczerorl2.o ABSOLUTE
    ../clib/microlib/division.c              0x00000000   Number         0  uidiv.o ABSOLUTE
    ../clib/microlib/division.c              0x00000000   Number         0  idiv.o ABSOLUTE
    ../clib/microlib/division.c              0x00000000   Number         0  uldiv.o ABSOLUTE
    ../clib/microlib/errno.c                 0x00000000   Number         0  errno.o ABSOLUTE
    ../clib/microlib/init/entry.s            0x00000000   Number         0  entry7a.o ABSOLUTE
    ../clib/microlib/init/entry.s            0x00000000   Number         0  entry.o ABSOLUTE
    ../clib/microlib/init/entry.s            0x00000000   Number         0  entry11b.o ABSOLUTE
    ../clib/microlib/init/entry.s            0x00000000   Number         0  entry11a.o ABSOLUTE
    ../clib/microlib/init/entry.s            0x00000000   Number         0  entry10b.o ABSOLUTE
    ../clib/microlib/init/entry.s            0x00000000   Number         0  entry10a.o ABSOLUTE
    ../clib/microlib/init/entry.s            0x00000000   Number         0  entry9b.o ABSOLUTE
    ../clib/microlib/init/entry.s            0x00000000   Number         0  entry9a.o ABSOLUTE
    ../clib/microlib/init/entry.s            0x00000000   Number         0  entry8b.o ABSOLUTE
    ../clib/microlib/init/entry.s            0x00000000   Number         0  entry2.o ABSOLUTE
    ../clib/microlib/init/entry.s            0x00000000   Number         0  entry8a.o ABSOLUTE
    ../clib/microlib/init/entry.s            0x00000000   Number         0  entry7b.o ABSOLUTE
    ../clib/microlib/init/entry.s            0x00000000   Number         0  entry5.o ABSOLUTE
    ../clib/microlib/longlong.c              0x00000000   Number         0  llushr.o ABSOLUTE
    ../clib/microlib/longlong.c              0x00000000   Number         0  llsshr.o ABSOLUTE
    ../clib/microlib/longlong.c              0x00000000   Number         0  llshl.o ABSOLUTE
    ../clib/microlib/string/memcpy.c         0x00000000   Number         0  memcpya.o ABSOLUTE
    ../clib/microlib/string/memcpy.c         0x00000000   Number         0  memcpyb.o ABSOLUTE
    ../clib/microlib/stubs.s                 0x00000000   Number         0  iusefp.o ABSOLUTE
    ../fplib/microlib/d2f.c                  0x00000000   Number         0  d2f.o ABSOLUTE
    ../fplib/microlib/f2d.c                  0x00000000   Number         0  f2d.o ABSOLUTE
    ../fplib/microlib/fpadd.c                0x00000000   Number         0  dadd.o ABSOLUTE
    ../fplib/microlib/fpadd.c                0x00000000   Number         0  fadd.o ABSOLUTE
    ../fplib/microlib/fpdiv.c                0x00000000   Number         0  fdiv.o ABSOLUTE
    ../fplib/microlib/fpdiv.c                0x00000000   Number         0  ddiv.o ABSOLUTE
    ../fplib/microlib/fpepilogue.c           0x00000000   Number         0  depilogue.o ABSOLUTE
    ../fplib/microlib/fpepilogue.c           0x00000000   Number         0  fepilogue.o ABSOLUTE
    ../fplib/microlib/fpfix.c                0x00000000   Number         0  dfixui.o ABSOLUTE
    ../fplib/microlib/fpfix.c                0x00000000   Number         0  dfixi.o ABSOLUTE
    ../fplib/microlib/fpfix.c                0x00000000   Number         0  ffixui.o ABSOLUTE
    ../fplib/microlib/fpflt.c                0x00000000   Number         0  ffltui.o ABSOLUTE
    ../fplib/microlib/fpflt.c                0x00000000   Number         0  dflti.o ABSOLUTE
    ../fplib/microlib/fpflt.c                0x00000000   Number         0  fflti.o ABSOLUTE
    ../fplib/microlib/fpflt.c                0x00000000   Number         0  dfltui.o ABSOLUTE
    ../fplib/microlib/fpmul.c                0x00000000   Number         0  fmul.o ABSOLUTE
    ../fplib/microlib/fpmul.c                0x00000000   Number         0  dmul.o ABSOLUTE
    ../fplib/microlib/fpscalb.c              0x00000000   Number         0  dscalb.o ABSOLUTE
    ../mathlib/dunder.c                      0x00000000   Number         0  dunder.o ABSOLUTE
    ../mathlib/exp.c                         0x00000000   Number         0  exp.o ABSOLUTE
    ../mathlib/exp.c                         0x00000000   Number         0  exp_x.o ABSOLUTE
    ../mathlib/fpclassify.c                  0x00000000   Number         0  fpclassify.o ABSOLUTE
    ../mathlib/poly.c                        0x00000000   Number         0  poly.o ABSOLUTE
    ../mathlib/qnan.c                        0x00000000   Number         0  qnan.o ABSOLUTE
    ..\..\Libraries\Device\MM32SPIN2xx_p\HAL_Lib\Src\hal_adc.c 0x00000000   Number         0  hal_adc.o ABSOLUTE
    ..\..\Libraries\Device\MM32SPIN2xx_p\HAL_Lib\Src\hal_bkp.c 0x00000000   Number         0  hal_bkp.o ABSOLUTE
    ..\..\Libraries\Device\MM32SPIN2xx_p\HAL_Lib\Src\hal_comp.c 0x00000000   Number         0  hal_comp.o ABSOLUTE
    ..\..\Libraries\Device\MM32SPIN2xx_p\HAL_Lib\Src\hal_crc.c 0x00000000   Number         0  hal_crc.o ABSOLUTE
    ..\..\Libraries\Device\MM32SPIN2xx_p\HAL_Lib\Src\hal_dbg.c 0x00000000   Number         0  hal_dbg.o ABSOLUTE
    ..\..\Libraries\Device\MM32SPIN2xx_p\HAL_Lib\Src\hal_div.c 0x00000000   Number         0  hal_div.o ABSOLUTE
    ..\..\Libraries\Device\MM32SPIN2xx_p\HAL_Lib\Src\hal_dma.c 0x00000000   Number         0  hal_dma.o ABSOLUTE
    ..\..\Libraries\Device\MM32SPIN2xx_p\HAL_Lib\Src\hal_exti.c 0x00000000   Number         0  hal_exti.o ABSOLUTE
    ..\..\Libraries\Device\MM32SPIN2xx_p\HAL_Lib\Src\hal_flash.c 0x00000000   Number         0  hal_flash.o ABSOLUTE
    ..\..\Libraries\Device\MM32SPIN2xx_p\HAL_Lib\Src\hal_gpio.c 0x00000000   Number         0  hal_gpio.o ABSOLUTE
    ..\..\Libraries\Device\MM32SPIN2xx_p\HAL_Lib\Src\hal_i2c.c 0x00000000   Number         0  hal_i2c.o ABSOLUTE
    ..\..\Libraries\Device\MM32SPIN2xx_p\HAL_Lib\Src\hal_iwdg.c 0x00000000   Number         0  hal_iwdg.o ABSOLUTE
    ..\..\Libraries\Device\MM32SPIN2xx_p\HAL_Lib\Src\hal_misc.c 0x00000000   Number         0  hal_misc.o ABSOLUTE
    ..\..\Libraries\Device\MM32SPIN2xx_p\HAL_Lib\Src\hal_opamp.c 0x00000000   Number         0  hal_opamp.o ABSOLUTE
    ..\..\Libraries\Device\MM32SPIN2xx_p\HAL_Lib\Src\hal_pwr.c 0x00000000   Number         0  hal_pwr.o ABSOLUTE
    ..\..\Libraries\Device\MM32SPIN2xx_p\HAL_Lib\Src\hal_rcc.c 0x00000000   Number         0  hal_rcc.o ABSOLUTE
    ..\..\Libraries\Device\MM32SPIN2xx_p\HAL_Lib\Src\hal_spi.c 0x00000000   Number         0  hal_spi.o ABSOLUTE
    ..\..\Libraries\Device\MM32SPIN2xx_p\HAL_Lib\Src\hal_sqrt.c 0x00000000   Number         0  hal_sqrt.o ABSOLUTE
    ..\..\Libraries\Device\MM32SPIN2xx_p\HAL_Lib\Src\hal_tim.c 0x00000000   Number         0  hal_tim.o ABSOLUTE
    ..\..\Libraries\Device\MM32SPIN2xx_p\HAL_Lib\Src\hal_uart.c 0x00000000   Number         0  hal_uart.o ABSOLUTE
    ..\..\Libraries\Device\MM32SPIN2xx_p\HAL_Lib\Src\hal_uid.c 0x00000000   Number         0  hal_uid.o ABSOLUTE
    ..\..\Libraries\Device\MM32SPIN2xx_p\HAL_Lib\Src\hal_ver.c 0x00000000   Number         0  hal_ver.o ABSOLUTE
    ..\..\Libraries\Device\MM32SPIN2xx_p\HAL_Lib\Src\hal_wwdg.c 0x00000000   Number         0  hal_wwdg.o ABSOLUTE
    ..\..\Libraries\Device\MM32SPIN2xx_p\Source\KEIL_StartAsm\startup_mm32spin2xx_p_keil.s 0x00000000   Number         0  startup_mm32spin2xx_p_keil.o ABSOLUTE
    ..\..\Libraries\Device\MM32SPIN2xx_p\Source\system_mm32spin2xx_p.c 0x00000000   Number         0  system_mm32spin2xx_p.o ABSOLUTE
    ..\..\Libraries\seekfree_libraries\board\board.c 0x00000000   Number         0  board.o ABSOLUTE
    ..\..\Libraries\seekfree_libraries\common\SEEKFREE_PRINTF.c 0x00000000   Number         0  seekfree_printf.o ABSOLUTE
    ..\..\Libraries\seekfree_libraries\common\common.c 0x00000000   Number         0  common.o ABSOLUTE
    ..\..\Libraries\seekfree_libraries\zf_adc.c 0x00000000   Number         0  zf_adc.o ABSOLUTE
    ..\..\Libraries\seekfree_libraries\zf_camera.c 0x00000000   Number         0  zf_camera.o ABSOLUTE
    ..\..\Libraries\seekfree_libraries\zf_exti.c 0x00000000   Number         0  zf_exti.o ABSOLUTE
    ..\..\Libraries\seekfree_libraries\zf_flash.c 0x00000000   Number         0  zf_flash.o ABSOLUTE
    ..\..\Libraries\seekfree_libraries\zf_gpio.c 0x00000000   Number         0  zf_gpio.o ABSOLUTE
    ..\..\Libraries\seekfree_libraries\zf_pit.c 0x00000000   Number         0  zf_pit.o ABSOLUTE
    ..\..\Libraries\seekfree_libraries\zf_pwm.c 0x00000000   Number         0  zf_pwm.o ABSOLUTE
    ..\..\Libraries\seekfree_libraries\zf_spi.c 0x00000000   Number         0  zf_spi.o ABSOLUTE
    ..\..\Libraries\seekfree_libraries\zf_systick.c 0x00000000   Number         0  zf_systick.o ABSOLUTE
    ..\..\Libraries\seekfree_libraries\zf_tim.c 0x00000000   Number         0  zf_tim.o ABSOLUTE
    ..\..\Libraries\seekfree_libraries\zf_uart.c 0x00000000   Number         0  zf_uart.o ABSOLUTE
    ..\..\Libraries\seekfree_peripheral\SEEKFREE_18TFT.c 0x00000000   Number         0  seekfree_18tft.o ABSOLUTE
    ..\..\Libraries\seekfree_peripheral\SEEKFREE_7725.c 0x00000000   Number         0  seekfree_7725.o ABSOLUTE
    ..\..\Libraries\seekfree_peripheral\SEEKFREE_ABSOLUTE_ENCODER.c 0x00000000   Number         0  seekfree_absolute_encoder.o ABSOLUTE
    ..\..\Libraries\seekfree_peripheral\SEEKFREE_FONT.c 0x00000000   Number         0  seekfree_font.o ABSOLUTE
    ..\..\Libraries\seekfree_peripheral\SEEKFREE_ICM20602.c 0x00000000   Number         0  seekfree_icm20602.o ABSOLUTE
    ..\..\Libraries\seekfree_peripheral\SEEKFREE_IIC.c 0x00000000   Number         0  seekfree_iic.o ABSOLUTE
    ..\..\Libraries\seekfree_peripheral\SEEKFREE_IPS114_SPI.c 0x00000000   Number         0  seekfree_ips114_spi.o ABSOLUTE
    ..\..\Libraries\seekfree_peripheral\SEEKFREE_L3G4200D.c 0x00000000   Number         0  seekfree_l3g4200d.o ABSOLUTE
    ..\..\Libraries\seekfree_peripheral\SEEKFREE_MMA8451.c 0x00000000   Number         0  seekfree_mma8451.o ABSOLUTE
    ..\..\Libraries\seekfree_peripheral\SEEKFREE_MPU6050.c 0x00000000   Number         0  seekfree_mpu6050.o ABSOLUTE
    ..\..\Libraries\seekfree_peripheral\SEEKFREE_MT9V03X.c 0x00000000   Number         0  seekfree_mt9v03x.o ABSOLUTE
    ..\..\Libraries\seekfree_peripheral\SEEKFREE_OLED.c 0x00000000   Number         0  seekfree_oled.o ABSOLUTE
    ..\..\Libraries\seekfree_peripheral\SEEKFREE_TSL1401.c 0x00000000   Number         0  seekfree_tsl1401.o ABSOLUTE
    ..\..\Libraries\seekfree_peripheral\SEEKFREE_UART_7725.c 0x00000000   Number         0  seekfree_uart_7725.o ABSOLUTE
    ..\..\Libraries\seekfree_peripheral\SEEKFREE_VIRSCO.c 0x00000000   Number         0  seekfree_virsco.o ABSOLUTE
    ..\..\Libraries\seekfree_peripheral\SEEKFREE_WIRELESS.c 0x00000000   Number         0  seekfree_wireless.o ABSOLUTE
    ..\USER\src\BEEP\beep.c                  0x00000000   Number         0  beep.o ABSOLUTE
    ..\USER\src\LCD\LCD.c                    0x00000000   Number         0  lcd.o ABSOLUTE
    ..\USER\src\MOTOR\motor.c                0x00000000   Number         0  motor.o ABSOLUTE
    ..\USER\src\PID\PID.c                    0x00000000   Number         0  pid.o ABSOLUTE
    ..\USER\src\PID_Parameter\PID_parameter.c 0x00000000   Number         0  pid_parameter.o ABSOLUTE
    ..\USER\src\SERIAL\serial.c              0x00000000   Number         0  serial.o ABSOLUTE
    ..\USER\src\Threeforks\threeforks.c      0x00000000   Number         0  threeforks.o ABSOLUTE
    ..\USER\src\circle\circle.c              0x00000000   Number         0  circle.o ABSOLUTE
    ..\USER\src\curve\curve.c                0x00000000   Number         0  curve.o ABSOLUTE
    ..\USER\src\direction\direction.c        0x00000000   Number         0  direction.o ABSOLUTE
    ..\USER\src\isr.c                        0x00000000   Number         0  isr.o ABSOLUTE
    ..\USER\src\main.c                       0x00000000   Number         0  main.o ABSOLUTE
    ..\USER\src\new\new.c                    0x00000000   Number         0  new.o ABSOLUTE
    ..\\..\\Libraries\\Device\\MM32SPIN2xx_p\\HAL_Lib\\Src\\hal_adc.c 0x00000000   Number         0  hal_adc.o ABSOLUTE
    ..\\..\\Libraries\\Device\\MM32SPIN2xx_p\\HAL_Lib\\Src\\hal_bkp.c 0x00000000   Number         0  hal_bkp.o ABSOLUTE
    ..\\..\\Libraries\\Device\\MM32SPIN2xx_p\\HAL_Lib\\Src\\hal_comp.c 0x00000000   Number         0  hal_comp.o ABSOLUTE
    ..\\..\\Libraries\\Device\\MM32SPIN2xx_p\\HAL_Lib\\Src\\hal_crc.c 0x00000000   Number         0  hal_crc.o ABSOLUTE
    ..\\..\\Libraries\\Device\\MM32SPIN2xx_p\\HAL_Lib\\Src\\hal_dbg.c 0x00000000   Number         0  hal_dbg.o ABSOLUTE
    ..\\..\\Libraries\\Device\\MM32SPIN2xx_p\\HAL_Lib\\Src\\hal_div.c 0x00000000   Number         0  hal_div.o ABSOLUTE
    ..\\..\\Libraries\\Device\\MM32SPIN2xx_p\\HAL_Lib\\Src\\hal_dma.c 0x00000000   Number         0  hal_dma.o ABSOLUTE
    ..\\..\\Libraries\\Device\\MM32SPIN2xx_p\\HAL_Lib\\Src\\hal_exti.c 0x00000000   Number         0  hal_exti.o ABSOLUTE
    ..\\..\\Libraries\\Device\\MM32SPIN2xx_p\\HAL_Lib\\Src\\hal_flash.c 0x00000000   Number         0  hal_flash.o ABSOLUTE
    ..\\..\\Libraries\\Device\\MM32SPIN2xx_p\\HAL_Lib\\Src\\hal_gpio.c 0x00000000   Number         0  hal_gpio.o ABSOLUTE
    ..\\..\\Libraries\\Device\\MM32SPIN2xx_p\\HAL_Lib\\Src\\hal_i2c.c 0x00000000   Number         0  hal_i2c.o ABSOLUTE
    ..\\..\\Libraries\\Device\\MM32SPIN2xx_p\\HAL_Lib\\Src\\hal_iwdg.c 0x00000000   Number         0  hal_iwdg.o ABSOLUTE
    ..\\..\\Libraries\\Device\\MM32SPIN2xx_p\\HAL_Lib\\Src\\hal_misc.c 0x00000000   Number         0  hal_misc.o ABSOLUTE
    ..\\..\\Libraries\\Device\\MM32SPIN2xx_p\\HAL_Lib\\Src\\hal_opamp.c 0x00000000   Number         0  hal_opamp.o ABSOLUTE
    ..\\..\\Libraries\\Device\\MM32SPIN2xx_p\\HAL_Lib\\Src\\hal_pwr.c 0x00000000   Number         0  hal_pwr.o ABSOLUTE
    ..\\..\\Libraries\\Device\\MM32SPIN2xx_p\\HAL_Lib\\Src\\hal_rcc.c 0x00000000   Number         0  hal_rcc.o ABSOLUTE
    ..\\..\\Libraries\\Device\\MM32SPIN2xx_p\\HAL_Lib\\Src\\hal_spi.c 0x00000000   Number         0  hal_spi.o ABSOLUTE
    ..\\..\\Libraries\\Device\\MM32SPIN2xx_p\\HAL_Lib\\Src\\hal_sqrt.c 0x00000000   Number         0  hal_sqrt.o ABSOLUTE
    ..\\..\\Libraries\\Device\\MM32SPIN2xx_p\\HAL_Lib\\Src\\hal_tim.c 0x00000000   Number         0  hal_tim.o ABSOLUTE
    ..\\..\\Libraries\\Device\\MM32SPIN2xx_p\\HAL_Lib\\Src\\hal_uart.c 0x00000000   Number         0  hal_uart.o ABSOLUTE
    ..\\..\\Libraries\\Device\\MM32SPIN2xx_p\\HAL_Lib\\Src\\hal_uid.c 0x00000000   Number         0  hal_uid.o ABSOLUTE
    ..\\..\\Libraries\\Device\\MM32SPIN2xx_p\\HAL_Lib\\Src\\hal_ver.c 0x00000000   Number         0  hal_ver.o ABSOLUTE
    ..\\..\\Libraries\\Device\\MM32SPIN2xx_p\\HAL_Lib\\Src\\hal_wwdg.c 0x00000000   Number         0  hal_wwdg.o ABSOLUTE
    ..\\..\\Libraries\\Device\\MM32SPIN2xx_p\\Source\\system_mm32spin2xx_p.c 0x00000000   Number         0  system_mm32spin2xx_p.o ABSOLUTE
    ..\\..\\Libraries\\seekfree_libraries\\board\\board.c 0x00000000   Number         0  board.o ABSOLUTE
    ..\\..\\Libraries\\seekfree_libraries\\common\\SEEKFREE_PRINTF.c 0x00000000   Number         0  seekfree_printf.o ABSOLUTE
    ..\\..\\Libraries\\seekfree_libraries\\common\\common.c 0x00000000   Number         0  common.o ABSOLUTE
    ..\\..\\Libraries\\seekfree_libraries\\zf_adc.c 0x00000000   Number         0  zf_adc.o ABSOLUTE
    ..\\..\\Libraries\\seekfree_libraries\\zf_camera.c 0x00000000   Number         0  zf_camera.o ABSOLUTE
    ..\\..\\Libraries\\seekfree_libraries\\zf_exti.c 0x00000000   Number         0  zf_exti.o ABSOLUTE
    ..\\..\\Libraries\\seekfree_libraries\\zf_flash.c 0x00000000   Number         0  zf_flash.o ABSOLUTE
    ..\\..\\Libraries\\seekfree_libraries\\zf_gpio.c 0x00000000   Number         0  zf_gpio.o ABSOLUTE
    ..\\..\\Libraries\\seekfree_libraries\\zf_pit.c 0x00000000   Number         0  zf_pit.o ABSOLUTE
    ..\\..\\Libraries\\seekfree_libraries\\zf_pwm.c 0x00000000   Number         0  zf_pwm.o ABSOLUTE
    ..\\..\\Libraries\\seekfree_libraries\\zf_spi.c 0x00000000   Number         0  zf_spi.o ABSOLUTE
    ..\\..\\Libraries\\seekfree_libraries\\zf_systick.c 0x00000000   Number         0  zf_systick.o ABSOLUTE
    ..\\..\\Libraries\\seekfree_libraries\\zf_tim.c 0x00000000   Number         0  zf_tim.o ABSOLUTE
    ..\\..\\Libraries\\seekfree_libraries\\zf_uart.c 0x00000000   Number         0  zf_uart.o ABSOLUTE
    ..\\..\\Libraries\\seekfree_peripheral\\SEEKFREE_18TFT.c 0x00000000   Number         0  seekfree_18tft.o ABSOLUTE
    ..\\..\\Libraries\\seekfree_peripheral\\SEEKFREE_7725.c 0x00000000   Number         0  seekfree_7725.o ABSOLUTE
    ..\\..\\Libraries\\seekfree_peripheral\\SEEKFREE_ABSOLUTE_ENCODER.c 0x00000000   Number         0  seekfree_absolute_encoder.o ABSOLUTE
    ..\\..\\Libraries\\seekfree_peripheral\\SEEKFREE_FONT.c 0x00000000   Number         0  seekfree_font.o ABSOLUTE
    ..\\..\\Libraries\\seekfree_peripheral\\SEEKFREE_ICM20602.c 0x00000000   Number         0  seekfree_icm20602.o ABSOLUTE
    ..\\..\\Libraries\\seekfree_peripheral\\SEEKFREE_IIC.c 0x00000000   Number         0  seekfree_iic.o ABSOLUTE
    ..\\..\\Libraries\\seekfree_peripheral\\SEEKFREE_IPS114_SPI.c 0x00000000   Number         0  seekfree_ips114_spi.o ABSOLUTE
    ..\\..\\Libraries\\seekfree_peripheral\\SEEKFREE_L3G4200D.c 0x00000000   Number         0  seekfree_l3g4200d.o ABSOLUTE
    ..\\..\\Libraries\\seekfree_peripheral\\SEEKFREE_MMA8451.c 0x00000000   Number         0  seekfree_mma8451.o ABSOLUTE
    ..\\..\\Libraries\\seekfree_peripheral\\SEEKFREE_MPU6050.c 0x00000000   Number         0  seekfree_mpu6050.o ABSOLUTE
    ..\\..\\Libraries\\seekfree_peripheral\\SEEKFREE_MT9V03X.c 0x00000000   Number         0  seekfree_mt9v03x.o ABSOLUTE
    ..\\..\\Libraries\\seekfree_peripheral\\SEEKFREE_OLED.c 0x00000000   Number         0  seekfree_oled.o ABSOLUTE
    ..\\..\\Libraries\\seekfree_peripheral\\SEEKFREE_TSL1401.c 0x00000000   Number         0  seekfree_tsl1401.o ABSOLUTE
    ..\\..\\Libraries\\seekfree_peripheral\\SEEKFREE_UART_7725.c 0x00000000   Number         0  seekfree_uart_7725.o ABSOLUTE
    ..\\..\\Libraries\\seekfree_peripheral\\SEEKFREE_VIRSCO.c 0x00000000   Number         0  seekfree_virsco.o ABSOLUTE
    ..\\..\\Libraries\\seekfree_peripheral\\SEEKFREE_WIRELESS.c 0x00000000   Number         0  seekfree_wireless.o ABSOLUTE
    ..\\USER\\src\\BEEP\\beep.c              0x00000000   Number         0  beep.o ABSOLUTE
    ..\\USER\\src\\LCD\\LCD.c                0x00000000   Number         0  lcd.o ABSOLUTE
    ..\\USER\\src\\MOTOR\\motor.c            0x00000000   Number         0  motor.o ABSOLUTE
    ..\\USER\\src\\PID\\PID.c                0x00000000   Number         0  pid.o ABSOLUTE
    ..\\USER\\src\\PID_Parameter\\PID_parameter.c 0x00000000   Number         0  pid_parameter.o ABSOLUTE
    ..\\USER\\src\\SERIAL\\serial.c          0x00000000   Number         0  serial.o ABSOLUTE
    ..\\USER\\src\\Threeforks\\threeforks.c  0x00000000   Number         0  threeforks.o ABSOLUTE
    ..\\USER\\src\\circle\\circle.c          0x00000000   Number         0  circle.o ABSOLUTE
    ..\\USER\\src\\curve\\curve.c            0x00000000   Number         0  curve.o ABSOLUTE
    ..\\USER\\src\\direction\\direction.c    0x00000000   Number         0  direction.o ABSOLUTE
    ..\\USER\\src\\isr.c                     0x00000000   Number         0  isr.o ABSOLUTE
    ..\\USER\\src\\main.c                    0x00000000   Number         0  main.o ABSOLUTE
    ..\\USER\\src\\new\\new.c                0x00000000   Number         0  new.o ABSOLUTE
    cdcmple.s                                0x00000000   Number         0  cdcmple.o ABSOLUTE
    cdrcmple.s                               0x00000000   Number         0  cdrcmple.o ABSOLUTE
    cfcmple.s                                0x00000000   Number         0  cfcmple.o ABSOLUTE
    cfrcmple.s                               0x00000000   Number         0  cfrcmple.o ABSOLUTE
    dc.s                                     0x00000000   Number         0  dc.o ABSOLUTE
    handlers.s                               0x00000000   Number         0  handlers.o ABSOLUTE
    init.s                                   0x00000000   Number         0  init.o ABSOLUTE
    RESET                                    0x08000000   Section      192  startup_mm32spin2xx_p_keil.o(RESET)
    .ARM.Collect$$$$00000000                 0x080000c0   Section        0  entry.o(.ARM.Collect$$$$00000000)
    .ARM.Collect$$$$00000001                 0x080000c0   Section        4  entry2.o(.ARM.Collect$$$$00000001)
    .ARM.Collect$$$$00000004                 0x080000c4   Section        4  entry5.o(.ARM.Collect$$$$00000004)
    .ARM.Collect$$$$00000008                 0x080000c8   Section        0  entry7b.o(.ARM.Collect$$$$00000008)
    .ARM.Collect$$$$0000000A                 0x080000c8   Section        0  entry8b.o(.ARM.Collect$$$$0000000A)
    .ARM.Collect$$$$0000000B                 0x080000c8   Section        8  entry9a.o(.ARM.Collect$$$$0000000B)
    .ARM.Collect$$$$0000000D                 0x080000d0   Section        0  entry10a.o(.ARM.Collect$$$$0000000D)
    .ARM.Collect$$$$0000000F                 0x080000d0   Section        0  entry11a.o(.ARM.Collect$$$$0000000F)
    .ARM.Collect$$$$00002712                 0x080000d0   Section        4  entry2.o(.ARM.Collect$$$$00002712)
    __lit__00000000                          0x080000d0   Data           4  entry2.o(.ARM.Collect$$$$00002712)
    .text                                    0x080000d4   Section      132  startup_mm32spin2xx_p_keil.o(.text)
    .text                                    0x08000158   Section        0  uidiv.o(.text)
    .text                                    0x08000184   Section        0  idiv.o(.text)
    .text                                    0x080001ac   Section        0  memcpya.o(.text)
    .text                                    0x080001d0   Section        0  fadd.o(.text)
    .text                                    0x08000282   Section        0  fmul.o(.text)
    .text                                    0x080002fc   Section        0  fdiv.o(.text)
    .text                                    0x08000378   Section        0  dadd.o(.text)
    .text                                    0x080004dc   Section        0  dmul.o(.text)
    .text                                    0x080005ac   Section        0  ddiv.o(.text)
    .text                                    0x0800069c   Section        0  fflti.o(.text)
    .text                                    0x080006b2   Section        0  ffltui.o(.text)
    .text                                    0x080006c0   Section        0  dflti.o(.text)
    .text                                    0x080006e8   Section        0  dfltui.o(.text)
    .text                                    0x08000704   Section        0  ffixui.o(.text)
    .text                                    0x0800072c   Section        0  dfixi.o(.text)
    .text                                    0x08000774   Section        0  dfixui.o(.text)
    .text                                    0x080007b0   Section        0  f2d.o(.text)
    .text                                    0x080007d8   Section       40  cdcmple.o(.text)
    .text                                    0x08000800   Section       40  cdrcmple.o(.text)
    .text                                    0x08000828   Section        0  d2f.o(.text)
    .text                                    0x08000860   Section       20  cfcmple.o(.text)
    .text                                    0x08000874   Section       20  cfrcmple.o(.text)
    .text                                    0x08000888   Section        0  llshl.o(.text)
    .text                                    0x080008a8   Section        0  llushr.o(.text)
    .text                                    0x080008ca   Section        0  llsshr.o(.text)
    .text                                    0x080008f0   Section        0  fepilogue.o(.text)
    .text                                    0x080008f0   Section        0  iusefp.o(.text)
    .text                                    0x08000972   Section        0  depilogue.o(.text)
    .text                                    0x08000a30   Section       36  init.o(.text)
    .text                                    0x08000a54   Section        0  __dczerorl2.o(.text)
    i.ADC_init                               0x08000aac   Section        0  direction.o(i.ADC_init)
    i.All_Config                             0x08000b70   Section        0  main.o(i.All_Config)
    i.AutoCalPllFactor                       0x08000c8c   Section        0  system_mm32spin2xx_p.o(i.AutoCalPllFactor)
    i.CircleRun_PID_init                     0x08000cf8   Section        0  pid_parameter.o(i.CircleRun_PID_init)
    i.Curve_PID_init                         0x08000de0   Section        0  pid_parameter.o(i.Curve_PID_init)
    i.Curve_init                             0x08000f00   Section        0  curve.o(i.Curve_init)
    i.DMA1_Channel1_IRQHandler               0x08001030   Section        0  isr.o(i.DMA1_Channel1_IRQHandler)
    i.DMA1_Channel2_3_IRQHandler             0x08001044   Section        0  isr.o(i.DMA1_Channel2_3_IRQHandler)
    i.DMA1_Channel4_5_IRQHandler             0x0800106c   Section        0  isr.o(i.DMA1_Channel4_5_IRQHandler)
    i.DMA_ClearFlag                          0x080010b8   Section        0  hal_dma.o(i.DMA_ClearFlag)
    i.DMA_GetFlagStatus                      0x080010c4   Section        0  hal_dma.o(i.DMA_GetFlagStatus)
    i.EXTI0_1_IRQHandler                     0x080010dc   Section        0  isr.o(i.EXTI0_1_IRQHandler)
    i.EXTI2_3_IRQHandler                     0x08001100   Section        0  isr.o(i.EXTI2_3_IRQHandler)
    i.EXTI4_15_IRQHandler                    0x08001124   Section        0  isr.o(i.EXTI4_15_IRQHandler)
    i.EXTI_ClearFlag                         0x0800122c   Section        0  hal_exti.o(i.EXTI_ClearFlag)
    i.EXTI_GetITStatus                       0x08001238   Section        0  hal_exti.o(i.EXTI_GetITStatus)
    i.HardFault_Handler                      0x0800125c   Section        0  common.o(i.HardFault_Handler)
    i.LCD_TFT_Init                           0x08001260   Section        0  lcd.o(i.LCD_TFT_Init)
    i.LossLine_init                          0x08001460   Section        0  direction.o(i.LossLine_init)
    i.NMI_Handler                            0x0800150c   Section        0  common.o(i.NMI_Handler)
    i.NVIC_Init                              0x08001510   Section        0  hal_misc.o(i.NVIC_Init)
    i.PendSV_Handler                         0x08001578   Section        0  common.o(i.PendSV_Handler)
    i.SVC_Handler                            0x0800157c   Section        0  common.o(i.SVC_Handler)
    i.SetSysClock                            0x08001580   Section        0  system_mm32spin2xx_p.o(i.SetSysClock)
    SetSysClock                              0x08001581   Thumb Code     8  system_mm32spin2xx_p.o(i.SetSysClock)
    i.SetSysClockToXX_HSI                    0x08001588   Section        0  system_mm32spin2xx_p.o(i.SetSysClockToXX_HSI)
    SetSysClockToXX_HSI                      0x08001589   Thumb Code   302  system_mm32spin2xx_p.o(i.SetSysClockToXX_HSI)
    i.SysTick_Handler                        0x080016d8   Section        0  isr.o(i.SysTick_Handler)
    i.SystemInit                             0x080016dc   Section        0  system_mm32spin2xx_p.o(i.SystemInit)
    i.TIM14_IRQHandler                       0x08001748   Section        0  isr.o(i.TIM14_IRQHandler)
    i.TIM16_IRQHandler                       0x08001764   Section        0  isr.o(i.TIM16_IRQHandler)
    i.TIM17_IRQHandler                       0x0800177c   Section        0  isr.o(i.TIM17_IRQHandler)
    i.TIM1_BRK_UP_TRG_COM_IRQHandler         0x08001798   Section        0  isr.o(i.TIM1_BRK_UP_TRG_COM_IRQHandler)
    i.TIM2_IRQHandler                        0x080017ac   Section        0  isr.o(i.TIM2_IRQHandler)
    i.TIM3_IRQHandler                        0x080017c0   Section        0  isr.o(i.TIM3_IRQHandler)
    i.TIM8_BRK_UP_TRG_COM_IRQHandler         0x080017d4   Section        0  isr.o(i.TIM8_BRK_UP_TRG_COM_IRQHandler)
    i.UART1_IRQHandler                       0x080017e8   Section        0  isr.o(i.UART1_IRQHandler)
    i.UART2_IRQHandler                       0x0800181c   Section        0  isr.o(i.UART2_IRQHandler)
    i.__ARM_clz                              0x08001878   Section        0  depilogue.o(i.__ARM_clz)
    i.__scatterload_copy                     0x080018a6   Section       14  handlers.o(i.__scatterload_copy)
    i.__scatterload_null                     0x080018b4   Section        2  handlers.o(i.__scatterload_null)
    i.__scatterload_zeroinit                 0x080018b6   Section       14  handlers.o(i.__scatterload_zeroinit)
    i.adc_convert                            0x080018c4   Section        0  zf_adc.o(i.adc_convert)
    i.adc_init                               0x08001928   Section        0  zf_adc.o(i.adc_init)
    i.adc_mean_filter                        0x080019cc   Section        0  zf_adc.o(i.adc_mean_filter)
    i.adc_pin_init                           0x080019f8   Section        0  zf_adc.o(i.adc_pin_init)
    adc_pin_init                             0x080019f9   Thumb Code    24  zf_adc.o(i.adc_pin_init)
    i.afio_init                              0x08001a10   Section        0  zf_gpio.o(i.afio_init)
    i.beep_off_init                          0x08001b10   Section        0  beep.o(i.beep_off_init)
    i.beep_on_init                           0x08001b1e   Section        0  beep.o(i.beep_on_init)
    i.circle_PID_init                        0x08001b2c   Section        0  pid_parameter.o(i.circle_PID_init)
    i.circle_init                            0x08001c1c   Section        0  circle.o(i.circle_init)
    i.direction_PID_init                     0x08001ea0   Section        0  pid_parameter.o(i.direction_PID_init)
    i.direction_init                         0x08001fa0   Section        0  direction.o(i.direction_init)
    i.discriminate_init                      0x08001fe0   Section        0  new.o(i.discriminate_init)
    i.encode_Init                            0x08002308   Section        0  motor.o(i.encode_Init)
    i.gpio_get                               0x08002320   Section        0  zf_gpio.o(i.gpio_get)
    i.gpio_init                              0x0800234c   Section        0  zf_gpio.o(i.gpio_init)
    i.increment_pid_solve                    0x08002428   Section        0  pid.o(i.increment_pid_solve)
    i.lcd_clear                              0x08002616   Section        0  seekfree_18tft.o(i.lcd_clear)
    i.lcd_init                               0x08002648   Section        0  seekfree_18tft.o(i.lcd_init)
    i.lcd_set_region                         0x08002920   Section        0  seekfree_18tft.o(i.lcd_set_region)
    lcd_set_region                           0x08002921   Thumb Code    86  seekfree_18tft.o(i.lcd_set_region)
    i.lcd_showchar                           0x08002978   Section        0  seekfree_18tft.o(i.lcd_showchar)
    i.lcd_showint32                          0x080029e4   Section        0  seekfree_18tft.o(i.lcd_showint32)
    i.lcd_showstr                            0x08002a4c   Section        0  seekfree_18tft.o(i.lcd_showstr)
    i.lcd_writeData                          0x08002a74   Section        0  seekfree_18tft.o(i.lcd_writeData)
    lcd_writeData                            0x08002a75   Thumb Code    70  seekfree_18tft.o(i.lcd_writeData)
    i.lcd_writeIndex                         0x08002ac0   Section        0  seekfree_18tft.o(i.lcd_writeIndex)
    lcd_writeIndex                           0x08002ac1   Thumb Code    70  seekfree_18tft.o(i.lcd_writeIndex)
    i.lcd_writedata_16bit                    0x08002b0c   Section        0  seekfree_18tft.o(i.lcd_writedata_16bit)
    lcd_writedata_16bit                      0x08002b0d   Thumb Code    80  seekfree_18tft.o(i.lcd_writedata_16bit)
    i.main                                   0x08002b60   Section        0  main.o(i.main)
    i.motor_Init                             0x08002bec   Section        0  motor.o(i.motor_Init)
    i.mt9v03x_dma                            0x08002c88   Section        0  seekfree_mt9v03x.o(i.mt9v03x_dma)
    i.mt9v03x_uart_callback                  0x08002ca8   Section        0  seekfree_mt9v03x.o(i.mt9v03x_uart_callback)
    i.mt9v03x_vsync                          0x08002cfc   Section        0  seekfree_mt9v03x.o(i.mt9v03x_vsync)
    i.number_conversion_ascii                0x08002d18   Section        0  seekfree_printf.o(i.number_conversion_ascii)
    i.nvic_init                              0x08002dac   Section        0  common.o(i.nvic_init)
    i.ov7725_cof_uart_interrupt              0x08002dc4   Section        0  seekfree_uart_7725.o(i.ov7725_cof_uart_interrupt)
    i.ov7725_uart_dma                        0x08002e18   Section        0  seekfree_uart_7725.o(i.ov7725_uart_dma)
    i.ov7725_uart_vsync                      0x08002e38   Section        0  seekfree_uart_7725.o(i.ov7725_uart_vsync)
    i.pid_solve                              0x08002e54   Section        0  pid.o(i.pid_solve)
    i.printf_reverse_order                   0x08002f48   Section        0  seekfree_printf.o(i.printf_reverse_order)
    i.pwm_duty_updata                        0x08002f6c   Section        0  zf_pwm.o(i.pwm_duty_updata)
    i.pwm_init                               0x08003014   Section        0  zf_pwm.o(i.pwm_init)
    i.pwm_pin_init                           0x08003274   Section        0  zf_pwm.o(i.pwm_pin_init)
    pwm_pin_init                             0x08003275   Thumb Code    22  zf_pwm.o(i.pwm_pin_init)
    i.seekfree_wireless_init                 0x0800328a   Section        0  seekfree_wireless.o(i.seekfree_wireless_init)
    i.seekfree_wireless_send_buff            0x080032b0   Section        0  seekfree_wireless.o(i.seekfree_wireless_send_buff)
    i.sent_date                              0x080032f4   Section        0  serial.o(i.sent_date)
    i.spi_init                               0x080033ac   Section        0  zf_spi.o(i.spi_init)
    i.spi_mosi                               0x08003540   Section        0  zf_spi.o(i.spi_mosi)
    i.spi_pin_init                           0x08003594   Section        0  zf_spi.o(i.spi_pin_init)
    spi_pin_init                             0x08003595   Thumb Code    88  zf_spi.o(i.spi_pin_init)
    i.systick_delay                          0x080035f0   Section        0  zf_systick.o(i.systick_delay)
    i.systick_delay_ms                       0x08003618   Section        0  zf_systick.o(i.systick_delay_ms)
    i.threeforks_init                        0x08003640   Section        0  threeforks.o(i.threeforks_init)
    i.tim_encoder_get_count                  0x080037c4   Section        0  zf_tim.o(i.tim_encoder_get_count)
    i.tim_encoder_init                       0x080037f0   Section        0  zf_tim.o(i.tim_encoder_init)
    i.tim_encoder_pin_init                   0x080038f4   Section        0  zf_tim.o(i.tim_encoder_pin_init)
    tim_encoder_pin_init                     0x080038f5   Thumb Code    22  zf_tim.o(i.tim_encoder_pin_init)
    i.tim_interrupt_init                     0x0800390c   Section        0  zf_pit.o(i.tim_interrupt_init)
    i.uart_init                              0x080039f0   Section        0  zf_uart.o(i.uart_init)
    i.uart_pin_init                          0x08003ab4   Section        0  zf_uart.o(i.uart_pin_init)
    uart_pin_init                            0x08003ab5   Thumb Code    40  zf_uart.o(i.uart_pin_init)
    i.uart_putbuff                           0x08003adc   Section        0  zf_uart.o(i.uart_putbuff)
    i.uart_rx_irq                            0x08003b0c   Section        0  zf_uart.o(i.uart_rx_irq)
    i.zf_sprintf                             0x08003b58   Section        0  seekfree_printf.o(i.zf_sprintf)
    .constdata                               0x08003e1c   Section       52  motor.o(.constdata)
    .constdata                               0x08003e50   Section      312  pid_parameter.o(.constdata)
    .constdata                               0x08003f88   Section     7048  seekfree_font.o(.constdata)
    .data                                    0x20000000   Section      164  main.o(.data)
    .data                                    0x200000a4   Section        4  motor.o(.data)
    .data                                    0x200000a8   Section        8  common.o(.data)
    .data                                    0x200000b0   Section       20  system_mm32spin2xx_p.o(.data)
    .data                                    0x200000c4   Section        8  zf_adc.o(.data)
    .data                                    0x200000cc   Section       16  zf_gpio.o(.data)
    .data                                    0x200000dc   Section        8  zf_spi.o(.data)
    .data                                    0x200000e4   Section       28  zf_tim.o(.data)
    .data                                    0x20000100   Section       10  zf_uart.o(.data)
    .data                                    0x2000010a   Section       74  seekfree_mt9v03x.o(.data)
    receive                                  0x2000010b   Data           3  seekfree_mt9v03x.o(.data)
    receive_num                              0x2000010e   Data           1  seekfree_mt9v03x.o(.data)
    uart_receive_flag                        0x2000010f   Data           1  seekfree_mt9v03x.o(.data)
    .data                                    0x20000154   Section       51  seekfree_uart_7725.o(.data)
    ov7725_uart_receive                      0x20000182   Data           3  seekfree_uart_7725.o(.data)
    ov7725_uart_receive_num                  0x20000185   Data           1  seekfree_uart_7725.o(.data)
    ov7725_uart_receive_flag                 0x20000186   Data           1  seekfree_uart_7725.o(.data)
    .bss                                     0x20000188   Section       30  serial.o(.bss)
    STACK                                    0x200001a8   Section     1024  startup_mm32spin2xx_p_keil.o(STACK)

    Global Symbols

    Symbol Name                              Value     Ov Type        Size  Object(Section)

    BuildAttributes$$THM_ISAv3M$S$PE$A:L22$X:L11$S22$IEEE1$IW$USESV6$~STKCKD$USESV7$~SHL$OTIME$ROPI$IEEEX$EBA8$MICROLIB$REQ8$PRES8$EABIv2 0x00000000   Number         0  anon$$obj.o ABSOLUTE
    __ARM_use_no_argv                        0x00000000   Number         0  main.o ABSOLUTE
    __cpp_initialize__aeabi_                  - Undefined Weak Reference
    __cxa_finalize                            - Undefined Weak Reference
    _clock_init                               - Undefined Weak Reference
    _microlib_exit                            - Undefined Weak Reference
    __Vectors_Size                           0x000000c0   Number         0  startup_mm32spin2xx_p_keil.o ABSOLUTE
    __Vectors                                0x08000000   Data           4  startup_mm32spin2xx_p_keil.o(RESET)
    __Vectors_End                            0x080000c0   Data           0  startup_mm32spin2xx_p_keil.o(RESET)
    __main                                   0x080000c1   Thumb Code     0  entry.o(.ARM.Collect$$$$00000000)
    _main_stk                                0x080000c1   Thumb Code     0  entry2.o(.ARM.Collect$$$$00000001)
    _main_scatterload                        0x080000c5   Thumb Code     0  entry5.o(.ARM.Collect$$$$00000004)
    __main_after_scatterload                 0x080000c9   Thumb Code     0  entry5.o(.ARM.Collect$$$$00000004)
    _main_clock                              0x080000c9   Thumb Code     0  entry7b.o(.ARM.Collect$$$$00000008)
    _main_cpp_init                           0x080000c9   Thumb Code     0  entry8b.o(.ARM.Collect$$$$0000000A)
    _main_init                               0x080000c9   Thumb Code     0  entry9a.o(.ARM.Collect$$$$0000000B)
    __rt_final_cpp                           0x080000d1   Thumb Code     0  entry10a.o(.ARM.Collect$$$$0000000D)
    __rt_final_exit                          0x080000d1   Thumb Code     0  entry11a.o(.ARM.Collect$$$$0000000F)
    Reset_Handler                            0x080000d5   Thumb Code    62  startup_mm32spin2xx_p_keil.o(.text)
    ADC1_IRQHandler                          0x0800011d   Thumb Code     0  startup_mm32spin2xx_p_keil.o(.text)
    ADC2_IRQHandler                          0x0800011d   Thumb Code     0  startup_mm32spin2xx_p_keil.o(.text)
    COMP1_2_3_4_5_IRQHandler                 0x0800011d   Thumb Code     0  startup_mm32spin2xx_p_keil.o(.text)
    FLASH_IRQHandler                         0x0800011d   Thumb Code     0  startup_mm32spin2xx_p_keil.o(.text)
    HWDIV_IRQHandler                         0x0800011d   Thumb Code     0  startup_mm32spin2xx_p_keil.o(.text)
    I2C1_IRQHandler                          0x0800011d   Thumb Code     0  startup_mm32spin2xx_p_keil.o(.text)
    PVD_IRQHandler                           0x0800011d   Thumb Code     0  startup_mm32spin2xx_p_keil.o(.text)
    PWM_IRQHandler                           0x0800011d   Thumb Code     0  startup_mm32spin2xx_p_keil.o(.text)
    RCC_IRQHandler                           0x0800011d   Thumb Code     0  startup_mm32spin2xx_p_keil.o(.text)
    SPI1_IRQHandler                          0x0800011d   Thumb Code     0  startup_mm32spin2xx_p_keil.o(.text)
    SPI2_IRQHandler                          0x0800011d   Thumb Code     0  startup_mm32spin2xx_p_keil.o(.text)
    TIM1_CC_IRQHandler                       0x0800011d   Thumb Code     0  startup_mm32spin2xx_p_keil.o(.text)
    TIM8_CC_IRQHandler                       0x0800011d   Thumb Code     0  startup_mm32spin2xx_p_keil.o(.text)
    WWDG_IRQHandler                          0x0800011d   Thumb Code     0  startup_mm32spin2xx_p_keil.o(.text)
    __aeabi_uidiv                            0x08000159   Thumb Code     0  uidiv.o(.text)
    __aeabi_uidivmod                         0x08000159   Thumb Code    44  uidiv.o(.text)
    __aeabi_idiv                             0x08000185   Thumb Code     0  idiv.o(.text)
    __aeabi_idivmod                          0x08000185   Thumb Code    40  idiv.o(.text)
    __aeabi_memcpy                           0x080001ad   Thumb Code    36  memcpya.o(.text)
    __aeabi_memcpy4                          0x080001ad   Thumb Code     0  memcpya.o(.text)
    __aeabi_memcpy8                          0x080001ad   Thumb Code     0  memcpya.o(.text)
    __aeabi_fadd                             0x080001d1   Thumb Code   162  fadd.o(.text)
    __aeabi_fsub                             0x08000273   Thumb Code     8  fadd.o(.text)
    __aeabi_frsub                            0x0800027b   Thumb Code     8  fadd.o(.text)
    __aeabi_fmul                             0x08000283   Thumb Code   122  fmul.o(.text)
    __aeabi_fdiv                             0x080002fd   Thumb Code   124  fdiv.o(.text)
    __aeabi_dadd                             0x08000379   Thumb Code   328  dadd.o(.text)
    __aeabi_dsub                             0x080004c1   Thumb Code    12  dadd.o(.text)
    __aeabi_drsub                            0x080004cd   Thumb Code    12  dadd.o(.text)
    __aeabi_dmul                             0x080004dd   Thumb Code   202  dmul.o(.text)
    __aeabi_ddiv                             0x080005ad   Thumb Code   234  ddiv.o(.text)
    __aeabi_i2f                              0x0800069d   Thumb Code    22  fflti.o(.text)
    __aeabi_ui2f                             0x080006b3   Thumb Code    14  ffltui.o(.text)
    __aeabi_i2d                              0x080006c1   Thumb Code    34  dflti.o(.text)
    __aeabi_ui2d                             0x080006e9   Thumb Code    24  dfltui.o(.text)
    __aeabi_f2uiz                            0x08000705   Thumb Code    40  ffixui.o(.text)
    __aeabi_d2iz                             0x0800072d   Thumb Code    62  dfixi.o(.text)
    __aeabi_d2uiz                            0x08000775   Thumb Code    50  dfixui.o(.text)
    __aeabi_f2d                              0x080007b1   Thumb Code    40  f2d.o(.text)
    __aeabi_cdcmpeq                          0x080007d9   Thumb Code     0  cdcmple.o(.text)
    __aeabi_cdcmple                          0x080007d9   Thumb Code    38  cdcmple.o(.text)
    __aeabi_cdrcmple                         0x08000801   Thumb Code    38  cdrcmple.o(.text)
    __aeabi_d2f                              0x08000829   Thumb Code    56  d2f.o(.text)
    __aeabi_cfcmpeq                          0x08000861   Thumb Code     0  cfcmple.o(.text)
    __aeabi_cfcmple                          0x08000861   Thumb Code    20  cfcmple.o(.text)
    __aeabi_cfrcmple                         0x08000875   Thumb Code    20  cfrcmple.o(.text)
    __aeabi_llsl                             0x08000889   Thumb Code    32  llshl.o(.text)
    _ll_shift_l                              0x08000889   Thumb Code     0  llshl.o(.text)
    __aeabi_llsr                             0x080008a9   Thumb Code    34  llushr.o(.text)
    _ll_ushift_r                             0x080008a9   Thumb Code     0  llushr.o(.text)
    __aeabi_lasr                             0x080008cb   Thumb Code    38  llsshr.o(.text)
    _ll_sshift_r                             0x080008cb   Thumb Code     0  llsshr.o(.text)
    __I$use$fp                               0x080008f1   Thumb Code     0  iusefp.o(.text)
    _float_round                             0x080008f1   Thumb Code    16  fepilogue.o(.text)
    _float_epilogue                          0x08000901   Thumb Code   114  fepilogue.o(.text)
    _double_round                            0x08000973   Thumb Code    26  depilogue.o(.text)
    _double_epilogue                         0x0800098d   Thumb Code   164  depilogue.o(.text)
    __scatterload                            0x08000a31   Thumb Code    28  init.o(.text)
    __scatterload_rt2                        0x08000a31   Thumb Code     0  init.o(.text)
    __decompress                             0x08000a55   Thumb Code     0  __dczerorl2.o(.text)
    __decompress1                            0x08000a55   Thumb Code    86  __dczerorl2.o(.text)
    ADC_init                                 0x08000aad   Thumb Code   144  direction.o(i.ADC_init)
    All_Config                               0x08000b71   Thumb Code   224  main.o(i.All_Config)
    AutoCalPllFactor                         0x08000c8d   Thumb Code   106  system_mm32spin2xx_p.o(i.AutoCalPllFactor)
    CircleRun_PID_init                       0x08000cf9   Thumb Code   192  pid_parameter.o(i.CircleRun_PID_init)
    Curve_PID_init                           0x08000de1   Thumb Code   234  pid_parameter.o(i.Curve_PID_init)
    Curve_init                               0x08000f01   Thumb Code   248  curve.o(i.Curve_init)
    DMA1_Channel1_IRQHandler                 0x08001031   Thumb Code    20  isr.o(i.DMA1_Channel1_IRQHandler)
    DMA1_Channel2_3_IRQHandler               0x08001045   Thumb Code    38  isr.o(i.DMA1_Channel2_3_IRQHandler)
    DMA1_Channel4_5_IRQHandler               0x0800106d   Thumb Code    70  isr.o(i.DMA1_Channel4_5_IRQHandler)
    DMA_ClearFlag                            0x080010b9   Thumb Code     6  hal_dma.o(i.DMA_ClearFlag)
    DMA_GetFlagStatus                        0x080010c5   Thumb Code    20  hal_dma.o(i.DMA_GetFlagStatus)
    EXTI0_1_IRQHandler                       0x080010dd   Thumb Code    36  isr.o(i.EXTI0_1_IRQHandler)
    EXTI2_3_IRQHandler                       0x08001101   Thumb Code    36  isr.o(i.EXTI2_3_IRQHandler)
    EXTI4_15_IRQHandler                      0x08001125   Thumb Code   258  isr.o(i.EXTI4_15_IRQHandler)
    EXTI_ClearFlag                           0x0800122d   Thumb Code     6  hal_exti.o(i.EXTI_ClearFlag)
    EXTI_GetITStatus                         0x08001239   Thumb Code    30  hal_exti.o(i.EXTI_GetITStatus)
    HardFault_Handler                        0x0800125d   Thumb Code     4  common.o(i.HardFault_Handler)
    LCD_TFT_Init                             0x08001261   Thumb Code   420  lcd.o(i.LCD_TFT_Init)
    LossLine_init                            0x08001461   Thumb Code   132  direction.o(i.LossLine_init)
    NMI_Handler                              0x0800150d   Thumb Code     4  common.o(i.NMI_Handler)
    NVIC_Init                                0x08001511   Thumb Code   100  hal_misc.o(i.NVIC_Init)
    PendSV_Handler                           0x08001579   Thumb Code     4  common.o(i.PendSV_Handler)
    SVC_Handler                              0x0800157d   Thumb Code     4  common.o(i.SVC_Handler)
    SysTick_Handler                          0x080016d9   Thumb Code     2  isr.o(i.SysTick_Handler)
    SystemInit                               0x080016dd   Thumb Code    90  system_mm32spin2xx_p.o(i.SystemInit)
    TIM14_IRQHandler                         0x08001749   Thumb Code    24  isr.o(i.TIM14_IRQHandler)
    TIM16_IRQHandler                         0x08001765   Thumb Code    20  isr.o(i.TIM16_IRQHandler)
    TIM17_IRQHandler                         0x0800177d   Thumb Code    24  isr.o(i.TIM17_IRQHandler)
    TIM1_BRK_UP_TRG_COM_IRQHandler           0x08001799   Thumb Code    14  isr.o(i.TIM1_BRK_UP_TRG_COM_IRQHandler)
    TIM2_IRQHandler                          0x080017ad   Thumb Code    18  isr.o(i.TIM2_IRQHandler)
    TIM3_IRQHandler                          0x080017c1   Thumb Code    14  isr.o(i.TIM3_IRQHandler)
    TIM8_BRK_UP_TRG_COM_IRQHandler           0x080017d5   Thumb Code    14  isr.o(i.TIM8_BRK_UP_TRG_COM_IRQHandler)
    UART1_IRQHandler                         0x080017e9   Thumb Code    48  isr.o(i.UART1_IRQHandler)
    UART2_IRQHandler                         0x0800181d   Thumb Code    82  isr.o(i.UART2_IRQHandler)
    __ARM_clz                                0x08001879   Thumb Code    46  depilogue.o(i.__ARM_clz)
    __scatterload_copy                       0x080018a7   Thumb Code    14  handlers.o(i.__scatterload_copy)
    __scatterload_null                       0x080018b5   Thumb Code     2  handlers.o(i.__scatterload_null)
    __scatterload_zeroinit                   0x080018b7   Thumb Code    14  handlers.o(i.__scatterload_zeroinit)
    adc_convert                              0x080018c5   Thumb Code    94  zf_adc.o(i.adc_convert)
    adc_init                                 0x08001929   Thumb Code   154  zf_adc.o(i.adc_init)
    adc_mean_filter                          0x080019cd   Thumb Code    44  zf_adc.o(i.adc_mean_filter)
    afio_init                                0x08001a11   Thumb Code   248  zf_gpio.o(i.afio_init)
    beep_off_init                            0x08001b11   Thumb Code    14  beep.o(i.beep_off_init)
    beep_on_init                             0x08001b1f   Thumb Code    14  beep.o(i.beep_on_init)
    circle_PID_init                          0x08001b2d   Thumb Code   188  pid_parameter.o(i.circle_PID_init)
    circle_init                              0x08001c1d   Thumb Code   560  circle.o(i.circle_init)
    direction_PID_init                       0x08001ea1   Thumb Code   210  pid_parameter.o(i.direction_PID_init)
    direction_init                           0x08001fa1   Thumb Code    50  direction.o(i.direction_init)
    discriminate_init                        0x08001fe1   Thumb Code   694  new.o(i.discriminate_init)
    encode_Init                              0x08002309   Thumb Code    14  motor.o(i.encode_Init)
    gpio_get                                 0x08002321   Thumb Code    38  zf_gpio.o(i.gpio_get)
    gpio_init                                0x0800234d   Thumb Code   210  zf_gpio.o(i.gpio_init)
    increment_pid_solve                      0x08002429   Thumb Code   494  pid.o(i.increment_pid_solve)
    lcd_clear                                0x08002617   Thumb Code    48  seekfree_18tft.o(i.lcd_clear)
    lcd_init                                 0x08002649   Thumb Code   708  seekfree_18tft.o(i.lcd_init)
    lcd_showchar                             0x08002979   Thumb Code   100  seekfree_18tft.o(i.lcd_showchar)
    lcd_showint32                            0x080029e5   Thumb Code    98  seekfree_18tft.o(i.lcd_showint32)
    lcd_showstr                              0x08002a4d   Thumb Code    40  seekfree_18tft.o(i.lcd_showstr)
    main                                     0x08002b61   Thumb Code   108  main.o(i.main)
    motor_Init                               0x08002bed   Thumb Code   128  motor.o(i.motor_Init)
    mt9v03x_dma                              0x08002c89   Thumb Code    20  seekfree_mt9v03x.o(i.mt9v03x_dma)
    mt9v03x_uart_callback                    0x08002ca9   Thumb Code    66  seekfree_mt9v03x.o(i.mt9v03x_uart_callback)
    mt9v03x_vsync                            0x08002cfd   Thumb Code    20  seekfree_mt9v03x.o(i.mt9v03x_vsync)
    number_conversion_ascii                  0x08002d19   Thumb Code   148  seekfree_printf.o(i.number_conversion_ascii)
    nvic_init                                0x08002dad   Thumb Code    22  common.o(i.nvic_init)
    ov7725_cof_uart_interrupt                0x08002dc5   Thumb Code    66  seekfree_uart_7725.o(i.ov7725_cof_uart_interrupt)
    ov7725_uart_dma                          0x08002e19   Thumb Code    20  seekfree_uart_7725.o(i.ov7725_uart_dma)
    ov7725_uart_vsync                        0x08002e39   Thumb Code    22  seekfree_uart_7725.o(i.ov7725_uart_vsync)
    pid_solve                                0x08002e55   Thumb Code   244  pid.o(i.pid_solve)
    printf_reverse_order                     0x08002f49   Thumb Code    34  seekfree_printf.o(i.printf_reverse_order)
    pwm_duty_updata                          0x08002f6d   Thumb Code   154  zf_pwm.o(i.pwm_duty_updata)
    pwm_init                                 0x08003015   Thumb Code   588  zf_pwm.o(i.pwm_init)
    seekfree_wireless_init                   0x0800328b   Thumb Code    38  seekfree_wireless.o(i.seekfree_wireless_init)
    seekfree_wireless_send_buff              0x080032b1   Thumb Code    68  seekfree_wireless.o(i.seekfree_wireless_send_buff)
    sent_date                                0x080032f5   Thumb Code   178  serial.o(i.sent_date)
    spi_init                                 0x080033ad   Thumb Code   390  zf_spi.o(i.spi_init)
    spi_mosi                                 0x08003541   Thumb Code    78  zf_spi.o(i.spi_mosi)
    systick_delay                            0x080035f1   Thumb Code    36  zf_systick.o(i.systick_delay)
    systick_delay_ms                         0x08003619   Thumb Code    34  zf_systick.o(i.systick_delay_ms)
    threeforks_init                          0x08003641   Thumb Code   308  threeforks.o(i.threeforks_init)
    tim_encoder_get_count                    0x080037c5   Thumb Code    40  zf_tim.o(i.tim_encoder_get_count)
    tim_encoder_init                         0x080037f1   Thumb Code   246  zf_tim.o(i.tim_encoder_init)
    tim_interrupt_init                       0x0800390d   Thumb Code   208  zf_pit.o(i.tim_interrupt_init)
    uart_init                                0x080039f1   Thumb Code   180  zf_uart.o(i.uart_init)
    uart_putbuff                             0x08003add   Thumb Code    42  zf_uart.o(i.uart_putbuff)
    uart_rx_irq                              0x08003b0d   Thumb Code    66  zf_uart.o(i.uart_rx_irq)
    zf_sprintf                               0x08003b59   Thumb Code   704  seekfree_printf.o(i.zf_sprintf)
    tft_ascii                                0x08003f88   Data        1520  seekfree_font.o(.constdata)
    gImage_qq                                0x08004578   Data        3200  seekfree_font.o(.constdata)
    chinese_test                             0x080051f8   Data         128  seekfree_font.o(.constdata)
    oled_6x8                                 0x08005278   Data         552  seekfree_font.o(.constdata)
    oled_8x16                                0x080054a0   Data        1520  seekfree_font.o(.constdata)
    oled_16x16_chinese                       0x08005a90   Data         128  seekfree_font.o(.constdata)
    Region$$Table$$Base                      0x08005b10   Number         0  anon$$obj.o(Region$$Table)
    Region$$Table$$Limit                     0x08005b30   Number         0  anon$$obj.o(Region$$Table)
    a                                        0x20000000   Data           8  main.o(.data)
    b                                        0x20000008   Data           8  main.o(.data)
    c                                        0x20000010   Data           8  main.o(.data)
    d                                        0x20000018   Data           8  main.o(.data)
    e                                        0x20000020   Data           8  main.o(.data)
    f                                        0x20000028   Data           8  main.o(.data)
    g                                        0x20000030   Data           8  main.o(.data)
    LCDcount                                 0x20000038   Data           4  main.o(.data)
    coder                                    0x2000003c   Data           4  main.o(.data)
    duty                                     0x20000040   Data           2  main.o(.data)
    motor                                    0x20000042   Data           2  main.o(.data)
    ready_circle                             0x20000044   Data           4  main.o(.data)
    circle_count                             0x20000048   Data           4  main.o(.data)
    per_circle                               0x2000004c   Data           4  main.o(.data)
    out_circle                               0x20000050   Data           4  main.o(.data)
    Yucircle                                 0x20000054   Data           4  main.o(.data)
    dircircle                                0x20000058   Data           4  main.o(.data)
    ready_dircircle                          0x2000005c   Data           4  main.o(.data)
    threeforks                               0x20000060   Data           4  main.o(.data)
    threeforks_count                         0x20000064   Data           4  main.o(.data)
    pre_motor                                0x20000068   Data           4  main.o(.data)
    OUTPUT                                   0x20000070   Data           8  main.o(.data)
    CircleFlag                               0x20000078   Data           4  main.o(.data)
    CurveFlag                                0x2000007c   Data           4  main.o(.data)
    ThreeforksFlag                           0x20000080   Data           4  main.o(.data)
    StraightLineFlag                         0x20000084   Data           4  main.o(.data)
    x                                        0x20000088   Data           8  main.o(.data)
    y                                        0x20000090   Data           8  main.o(.data)
    z                                        0x20000098   Data           8  main.o(.data)
    CurveDir                                 0x200000a0   Data           4  main.o(.data)
    last_motor                               0x200000a4   Data           4  motor.o(.data)
    camera_type                              0x200000a8   Data           1  common.o(.data)
    camera_buffer_addr                       0x200000ac   Data           4  common.o(.data)
    SystemCoreClock                          0x200000b0   Data           4  system_mm32spin2xx_p.o(.data)
    AHBPrescTable                            0x200000b4   Data          16  system_mm32spin2xx_p.o(.data)
    adc_index                                0x200000c4   Data           8  zf_adc.o(.data)
    gpio_group                               0x200000cc   Data          16  zf_gpio.o(.data)
    spi_index                                0x200000dc   Data           8  zf_spi.o(.data)
    tim_index                                0x200000e4   Data          28  zf_tim.o(.data)
    uart_index                               0x20000100   Data           8  zf_uart.o(.data)
    uart_irq                                 0x20000108   Data           2  zf_uart.o(.data)
    mt9v03x_finish_flag                      0x2000010a   Data           1  seekfree_mt9v03x.o(.data)
    MT9V03X_CFG                              0x20000110   Data          36  seekfree_mt9v03x.o(.data)
    GET_CFG                                  0x20000134   Data          32  seekfree_mt9v03x.o(.data)
    ov7725_uart_finish_flag                  0x20000154   Data           1  seekfree_uart_7725.o(.data)
    OV7725_CFG                               0x20000156   Data          24  seekfree_uart_7725.o(.data)
    OV7725_GET_CFG                           0x2000016e   Data          20  seekfree_uart_7725.o(.data)
    BUFF                                     0x20000188   Data          30  serial.o(.bss)
    __initial_sp                             0x200005a8   Data           0  startup_mm32spin2xx_p_keil.o(STACK)



==============================================================================

Memory Map of the image

  Image Entry point : 0x080000c1

  Load Region LR_IROM1 (Base: 0x08000000, Size: 0x00005cb8, Max: 0x00020000, ABSOLUTE, COMPRESSED[0x00005ba8])

    Execution Region ER_IROM1 (Exec base: 0x08000000, Load base: 0x08000000, Size: 0x00005b30, Max: 0x00020000, ABSOLUTE)

    Exec Addr    Load Addr    Size         Type   Attr      Idx    E Section Name        Object

    0x08000000   0x08000000   0x000000c0   Data   RO         1039    RESET               startup_mm32spin2xx_p_keil.o
    0x080000c0   0x080000c0   0x00000000   Code   RO         5486  * .ARM.Collect$$$$00000000  mc_p.l(entry.o)
    0x080000c0   0x080000c0   0x00000004   Code   RO         5556    .ARM.Collect$$$$00000001  mc_p.l(entry2.o)
    0x080000c4   0x080000c4   0x00000004   Code   RO         5559    .ARM.Collect$$$$00000004  mc_p.l(entry5.o)
    0x080000c8   0x080000c8   0x00000000   Code   RO         5561    .ARM.Collect$$$$00000008  mc_p.l(entry7b.o)
    0x080000c8   0x080000c8   0x00000000   Code   RO         5563    .ARM.Collect$$$$0000000A  mc_p.l(entry8b.o)
    0x080000c8   0x080000c8   0x00000008   Code   RO         5564    .ARM.Collect$$$$0000000B  mc_p.l(entry9a.o)
    0x080000d0   0x080000d0   0x00000000   Code   RO         5566    .ARM.Collect$$$$0000000D  mc_p.l(entry10a.o)
    0x080000d0   0x080000d0   0x00000000   Code   RO         5568    .ARM.Collect$$$$0000000F  mc_p.l(entry11a.o)
    0x080000d0   0x080000d0   0x00000004   Code   RO         5557    .ARM.Collect$$$$00002712  mc_p.l(entry2.o)
    0x080000d4   0x080000d4   0x00000084   Code   RO         1040    .text               startup_mm32spin2xx_p_keil.o
    0x08000158   0x08000158   0x0000002c   Code   RO         5489    .text               mc_p.l(uidiv.o)
    0x08000184   0x08000184   0x00000028   Code   RO         5491    .text               mc_p.l(idiv.o)
    0x080001ac   0x080001ac   0x00000024   Code   RO         5495    .text               mc_p.l(memcpya.o)
    0x080001d0   0x080001d0   0x000000b2   Code   RO         5499    .text               mf_p.l(fadd.o)
    0x08000282   0x08000282   0x0000007a   Code   RO         5501    .text               mf_p.l(fmul.o)
    0x080002fc   0x080002fc   0x0000007c   Code   RO         5503    .text               mf_p.l(fdiv.o)
    0x08000378   0x08000378   0x00000164   Code   RO         5505    .text               mf_p.l(dadd.o)
    0x080004dc   0x080004dc   0x000000d0   Code   RO         5507    .text               mf_p.l(dmul.o)
    0x080005ac   0x080005ac   0x000000f0   Code   RO         5509    .text               mf_p.l(ddiv.o)
    0x0800069c   0x0800069c   0x00000016   Code   RO         5511    .text               mf_p.l(fflti.o)
    0x080006b2   0x080006b2   0x0000000e   Code   RO         5513    .text               mf_p.l(ffltui.o)
    0x080006c0   0x080006c0   0x00000028   Code   RO         5515    .text               mf_p.l(dflti.o)
    0x080006e8   0x080006e8   0x0000001c   Code   RO         5517    .text               mf_p.l(dfltui.o)
    0x08000704   0x08000704   0x00000028   Code   RO         5519    .text               mf_p.l(ffixui.o)
    0x0800072c   0x0800072c   0x00000048   Code   RO         5521    .text               mf_p.l(dfixi.o)
    0x08000774   0x08000774   0x0000003c   Code   RO         5523    .text               mf_p.l(dfixui.o)
    0x080007b0   0x080007b0   0x00000028   Code   RO         5525    .text               mf_p.l(f2d.o)
    0x080007d8   0x080007d8   0x00000028   Code   RO         5527    .text               mf_p.l(cdcmple.o)
    0x08000800   0x08000800   0x00000028   Code   RO         5529    .text               mf_p.l(cdrcmple.o)
    0x08000828   0x08000828   0x00000038   Code   RO         5531    .text               mf_p.l(d2f.o)
    0x08000860   0x08000860   0x00000014   Code   RO         5533    .text               mf_p.l(cfcmple.o)
    0x08000874   0x08000874   0x00000014   Code   RO         5535    .text               mf_p.l(cfrcmple.o)
    0x08000888   0x08000888   0x00000020   Code   RO         5570    .text               mc_p.l(llshl.o)
    0x080008a8   0x080008a8   0x00000022   Code   RO         5572    .text               mc_p.l(llushr.o)
    0x080008ca   0x080008ca   0x00000026   Code   RO         5574    .text               mc_p.l(llsshr.o)
    0x080008f0   0x080008f0   0x00000000   Code   RO         5583    .text               mc_p.l(iusefp.o)
    0x080008f0   0x080008f0   0x00000082   Code   RO         5584    .text               mf_p.l(fepilogue.o)
    0x08000972   0x08000972   0x000000be   Code   RO         5586    .text               mf_p.l(depilogue.o)
    0x08000a30   0x08000a30   0x00000024   Code   RO         5592    .text               mc_p.l(init.o)
    0x08000a54   0x08000a54   0x00000056   Code   RO         5602    .text               mc_p.l(__dczerorl2.o)
    0x08000aaa   0x08000aaa   0x00000002   PAD
    0x08000aac   0x08000aac   0x000000c4   Code   RO          443    i.ADC_init          direction.o
    0x08000b70   0x08000b70   0x0000011c   Code   RO          403    i.All_Config        main.o
    0x08000c8c   0x08000c8c   0x0000006a   Code   RO         1000    i.AutoCalPllFactor  system_mm32spin2xx_p.o
    0x08000cf6   0x08000cf6   0x00000002   PAD
    0x08000cf8   0x08000cf8   0x000000e8   Code   RO          620    i.CircleRun_PID_init  pid_parameter.o
    0x08000de0   0x08000de0   0x00000120   Code   RO          621    i.Curve_PID_init    pid_parameter.o
    0x08000f00   0x08000f00   0x00000130   Code   RO          747    i.Curve_init        curve.o
    0x08001030   0x08001030   0x00000014   Code   RO            3    i.DMA1_Channel1_IRQHandler  isr.o
    0x08001044   0x08001044   0x00000026   Code   RO            4    i.DMA1_Channel2_3_IRQHandler  isr.o
    0x0800106a   0x0800106a   0x00000002   PAD
    0x0800106c   0x0800106c   0x0000004c   Code   RO            5    i.DMA1_Channel4_5_IRQHandler  isr.o
    0x080010b8   0x080010b8   0x0000000c   Code   RO         3172    i.DMA_ClearFlag     hal_dma.o
    0x080010c4   0x080010c4   0x00000018   Code   RO         3177    i.DMA_GetFlagStatus  hal_dma.o
    0x080010dc   0x080010dc   0x00000024   Code   RO            6    i.EXTI0_1_IRQHandler  isr.o
    0x08001100   0x08001100   0x00000024   Code   RO            7    i.EXTI2_3_IRQHandler  isr.o
    0x08001124   0x08001124   0x00000108   Code   RO            8    i.EXTI4_15_IRQHandler  isr.o
    0x0800122c   0x0800122c   0x0000000c   Code   RO         3273    i.EXTI_ClearFlag    hal_exti.o
    0x08001238   0x08001238   0x00000024   Code   RO         3278    i.EXTI_GetITStatus  hal_exti.o
    0x0800125c   0x0800125c   0x00000004   Code   RO          832    i.HardFault_Handler  common.o
    0x08001260   0x08001260   0x00000200   Code   RO          482    i.LCD_TFT_Init      lcd.o
    0x08001460   0x08001460   0x000000ac   Code   RO          444    i.LossLine_init     direction.o
    0x0800150c   0x0800150c   0x00000004   Code   RO          834    i.NMI_Handler       common.o
    0x08001510   0x08001510   0x00000068   Code   RO         3949    i.NVIC_Init         hal_misc.o
    0x08001578   0x08001578   0x00000004   Code   RO          835    i.PendSV_Handler    common.o
    0x0800157c   0x0800157c   0x00000004   Code   RO          836    i.SVC_Handler       common.o
    0x08001580   0x08001580   0x00000008   Code   RO         1001    i.SetSysClock       system_mm32spin2xx_p.o
    0x08001588   0x08001588   0x00000150   Code   RO         1002    i.SetSysClockToXX_HSI  system_mm32spin2xx_p.o
    0x080016d8   0x080016d8   0x00000002   Code   RO            9    i.SysTick_Handler   isr.o
    0x080016da   0x080016da   0x00000002   PAD
    0x080016dc   0x080016dc   0x0000006c   Code   RO         1003    i.SystemInit        system_mm32spin2xx_p.o
    0x08001748   0x08001748   0x0000001c   Code   RO           10    i.TIM14_IRQHandler  isr.o
    0x08001764   0x08001764   0x00000018   Code   RO           11    i.TIM16_IRQHandler  isr.o
    0x0800177c   0x0800177c   0x0000001c   Code   RO           12    i.TIM17_IRQHandler  isr.o
    0x08001798   0x08001798   0x00000014   Code   RO           13    i.TIM1_BRK_UP_TRG_COM_IRQHandler  isr.o
    0x080017ac   0x080017ac   0x00000012   Code   RO           14    i.TIM2_IRQHandler   isr.o
    0x080017be   0x080017be   0x00000002   PAD
    0x080017c0   0x080017c0   0x00000014   Code   RO           15    i.TIM3_IRQHandler   isr.o
    0x080017d4   0x080017d4   0x00000014   Code   RO           16    i.TIM8_BRK_UP_TRG_COM_IRQHandler  isr.o
    0x080017e8   0x080017e8   0x00000034   Code   RO           17    i.UART1_IRQHandler  isr.o
    0x0800181c   0x0800181c   0x0000005c   Code   RO           18    i.UART2_IRQHandler  isr.o
    0x08001878   0x08001878   0x0000002e   Code   RO         5588    i.__ARM_clz         mf_p.l(depilogue.o)
    0x080018a6   0x080018a6   0x0000000e   Code   RO         5596    i.__scatterload_copy  mc_p.l(handlers.o)
    0x080018b4   0x080018b4   0x00000002   Code   RO         5597    i.__scatterload_null  mc_p.l(handlers.o)
    0x080018b6   0x080018b6   0x0000000e   Code   RO         5598    i.__scatterload_zeroinit  mc_p.l(handlers.o)
    0x080018c4   0x080018c4   0x00000064   Code   RO         1046    i.adc_convert       zf_adc.o
    0x08001928   0x08001928   0x000000a4   Code   RO         1047    i.adc_init          zf_adc.o
    0x080019cc   0x080019cc   0x0000002c   Code   RO         1048    i.adc_mean_filter   zf_adc.o
    0x080019f8   0x080019f8   0x00000018   Code   RO         1049    i.adc_pin_init      zf_adc.o
    0x08001a10   0x08001a10   0x00000100   Code   RO         1204    i.afio_init         zf_gpio.o
    0x08001b10   0x08001b10   0x0000000e   Code   RO          590    i.beep_off_init     beep.o
    0x08001b1e   0x08001b1e   0x0000000e   Code   RO          591    i.beep_on_init      beep.o
    0x08001b2c   0x08001b2c   0x000000f0   Code   RO          624    i.circle_PID_init   pid_parameter.o
    0x08001c1c   0x08001c1c   0x00000284   Code   RO          699    i.circle_init       circle.o
    0x08001ea0   0x08001ea0   0x00000100   Code   RO          625    i.direction_PID_init  pid_parameter.o
    0x08001fa0   0x08001fa0   0x00000040   Code   RO          445    i.direction_init    direction.o
    0x08001fe0   0x08001fe0   0x00000328   Code   RO          675    i.discriminate_init  new.o
    0x08002308   0x08002308   0x00000018   Code   RO          507    i.encode_Init       motor.o
    0x08002320   0x08002320   0x0000002c   Code   RO         1206    i.gpio_get          zf_gpio.o
    0x0800234c   0x0800234c   0x000000dc   Code   RO         1207    i.gpio_init         zf_gpio.o
    0x08002428   0x08002428   0x000001ee   Code   RO          544    i.increment_pid_solve  pid.o
    0x08002616   0x08002616   0x00000030   Code   RO         1554    i.lcd_clear         seekfree_18tft.o
    0x08002646   0x08002646   0x00000002   PAD
    0x08002648   0x08002648   0x000002d8   Code   RO         1561    i.lcd_init          seekfree_18tft.o
    0x08002920   0x08002920   0x00000056   Code   RO         1562    i.lcd_set_region    seekfree_18tft.o
    0x08002976   0x08002976   0x00000002   PAD
    0x08002978   0x08002978   0x0000006c   Code   RO         1563    i.lcd_showchar      seekfree_18tft.o
    0x080029e4   0x080029e4   0x00000068   Code   RO         1566    i.lcd_showint32     seekfree_18tft.o
    0x08002a4c   0x08002a4c   0x00000028   Code   RO         1568    i.lcd_showstr       seekfree_18tft.o
    0x08002a74   0x08002a74   0x0000004c   Code   RO         1571    i.lcd_writeData     seekfree_18tft.o
    0x08002ac0   0x08002ac0   0x0000004c   Code   RO         1572    i.lcd_writeIndex    seekfree_18tft.o
    0x08002b0c   0x08002b0c   0x00000054   Code   RO         1573    i.lcd_writedata_16bit  seekfree_18tft.o
    0x08002b60   0x08002b60   0x0000008c   Code   RO          404    i.main              main.o
    0x08002bec   0x08002bec   0x0000009c   Code   RO          508    i.motor_Init        motor.o
    0x08002c88   0x08002c88   0x00000020   Code   RO         2319    i.mt9v03x_dma       seekfree_mt9v03x.o
    0x08002ca8   0x08002ca8   0x00000054   Code   RO         2324    i.mt9v03x_uart_callback  seekfree_mt9v03x.o
    0x08002cfc   0x08002cfc   0x0000001c   Code   RO         2325    i.mt9v03x_vsync     seekfree_mt9v03x.o
    0x08002d18   0x08002d18   0x00000094   Code   RO          917    i.number_conversion_ascii  seekfree_printf.o
    0x08002dac   0x08002dac   0x00000016   Code   RO          838    i.nvic_init         common.o
    0x08002dc2   0x08002dc2   0x00000002   PAD
    0x08002dc4   0x08002dc4   0x00000054   Code   RO         2576    i.ov7725_cof_uart_interrupt  seekfree_uart_7725.o
    0x08002e18   0x08002e18   0x00000020   Code   RO         2580    i.ov7725_uart_dma   seekfree_uart_7725.o
    0x08002e38   0x08002e38   0x0000001c   Code   RO         2586    i.ov7725_uart_vsync  seekfree_uart_7725.o
    0x08002e54   0x08002e54   0x000000f4   Code   RO          545    i.pid_solve         pid.o
    0x08002f48   0x08002f48   0x00000022   Code   RO          918    i.printf_reverse_order  seekfree_printf.o
    0x08002f6a   0x08002f6a   0x00000002   PAD
    0x08002f6c   0x08002f6c   0x000000a8   Code   RO         1287    i.pwm_duty_updata   zf_pwm.o
    0x08003014   0x08003014   0x00000260   Code   RO         1289    i.pwm_init          zf_pwm.o
    0x08003274   0x08003274   0x00000016   Code   RO         1290    i.pwm_pin_init      zf_pwm.o
    0x0800328a   0x0800328a   0x00000026   Code   RO         2718    i.seekfree_wireless_init  seekfree_wireless.o
    0x080032b0   0x080032b0   0x00000044   Code   RO         2719    i.seekfree_wireless_send_buff  seekfree_wireless.o
    0x080032f4   0x080032f4   0x000000b8   Code   RO          771    i.sent_date         serial.o
    0x080033ac   0x080033ac   0x00000194   Code   RO         1329    i.spi_init          zf_spi.o
    0x08003540   0x08003540   0x00000054   Code   RO         1330    i.spi_mosi          zf_spi.o
    0x08003594   0x08003594   0x0000005c   Code   RO         1331    i.spi_pin_init      zf_spi.o
    0x080035f0   0x080035f0   0x00000028   Code   RO         1367    i.systick_delay     zf_systick.o
    0x08003618   0x08003618   0x00000028   Code   RO         1368    i.systick_delay_ms  zf_systick.o
    0x08003640   0x08003640   0x00000184   Code   RO          723    i.threeforks_init   threeforks.o
    0x080037c4   0x080037c4   0x0000002c   Code   RO         1418    i.tim_encoder_get_count  zf_tim.o
    0x080037f0   0x080037f0   0x00000104   Code   RO         1419    i.tim_encoder_init  zf_tim.o
    0x080038f4   0x080038f4   0x00000016   Code   RO         1420    i.tim_encoder_pin_init  zf_tim.o
    0x0800390a   0x0800390a   0x00000002   PAD
    0x0800390c   0x0800390c   0x000000e4   Code   RO         1256    i.tim_interrupt_init  zf_pit.o
    0x080039f0   0x080039f0   0x000000c4   Code   RO         1463    i.uart_init         zf_uart.o
    0x08003ab4   0x08003ab4   0x00000028   Code   RO         1464    i.uart_pin_init     zf_uart.o
    0x08003adc   0x08003adc   0x00000030   Code   RO         1465    i.uart_putbuff      zf_uart.o
    0x08003b0c   0x08003b0c   0x0000004c   Code   RO         1469    i.uart_rx_irq       zf_uart.o
    0x08003b58   0x08003b58   0x000002c4   Code   RO          919    i.zf_sprintf        seekfree_printf.o
    0x08003e1c   0x08003e1c   0x00000034   Data   RO          509    .constdata          motor.o
    0x08003e50   0x08003e50   0x00000138   Data   RO          626    .constdata          pid_parameter.o
    0x08003f88   0x08003f88   0x00001b88   Data   RO         1873    .constdata          seekfree_font.o
    0x08005b10   0x08005b10   0x00000020   Data   RO         5594    Region$$Table       anon$$obj.o


    Execution Region RW_IRAM1 (Exec base: 0x20000000, Load base: 0x08005b30, Size: 0x000005a8, Max: 0x00003000, ABSOLUTE, COMPRESSED[0x00000078])

    Exec Addr    Load Addr    Size         Type   Attr      Idx    E Section Name        Object

    0x20000000   COMPRESSED   0x000000a4   Data   RW          406    .data               main.o
    0x200000a4   COMPRESSED   0x00000004   Data   RW          510    .data               motor.o
    0x200000a8   COMPRESSED   0x00000008   Data   RW          841    .data               common.o
    0x200000b0   COMPRESSED   0x00000014   Data   RW         1004    .data               system_mm32spin2xx_p.o
    0x200000c4   COMPRESSED   0x00000008   Data   RW         1050    .data               zf_adc.o
    0x200000cc   COMPRESSED   0x00000010   Data   RW         1209    .data               zf_gpio.o
    0x200000dc   COMPRESSED   0x00000008   Data   RW         1332    .data               zf_spi.o
    0x200000e4   COMPRESSED   0x0000001c   Data   RW         1422    .data               zf_tim.o
    0x20000100   COMPRESSED   0x0000000a   Data   RW         1471    .data               zf_uart.o
    0x2000010a   COMPRESSED   0x0000004a   Data   RW         2331    .data               seekfree_mt9v03x.o
    0x20000154   COMPRESSED   0x00000033   Data   RW         2589    .data               seekfree_uart_7725.o
    0x20000187   COMPRESSED   0x00000001   PAD
    0x20000188        -       0x0000001e   Zero   RW          772    .bss                serial.o
    0x200001a6   COMPRESSED   0x00000002   PAD
    0x200001a8        -       0x00000400   Zero   RW         1037    STACK               startup_mm32spin2xx_p_keil.o


==============================================================================

Image component sizes


      Code (inc. data)   RO Data    RW Data    ZI Data      Debug   Object Name

        28          0          0          0          0        891   beep.o
       644         84          0          0          0        778   circle.o
        38          0          0          8          0       5120   common.o
       304         56          0          0          0        565   curve.o
       432        106          0          0          0       1492   direction.o
        36         10          0          0          0       1140   hal_dma.o
        48         12          0          0          0       1152   hal_exti.o
       104          4          0          0          0       1092   hal_misc.o
       774         56          0          0          0      83633   isr.o
       512         92          0          0          0        543   lcd.o
       424         92          0        164          0       2776   main.o
       180         38         52          4          0       1240   motor.o
       808        114          0          0          0        732   new.o
       738          0          0          0          0       2550   pid.o
      1016        192        312          0          0       2397   pid_parameter.o
      1350         50          0          0          0       6840   seekfree_18tft.o
         0          0       7048          0          0       1085   seekfree_font.o
       144         38          0         74          0       2710   seekfree_mt9v03x.o
       890          4          0          0          0      13543   seekfree_printf.o
       144         36          0         51          0       2816   seekfree_uart_7725.o
       106          0          0          0          0       1267   seekfree_wireless.o
       184          6          0          0         30       1545   serial.o
       132         58        192          0       1024        756   startup_mm32spin2xx_p_keil.o
       558         52          0         20          0       3772   system_mm32spin2xx_p.o
       388         80          0          0          0        634   threeforks.o
       332         16          0          8          0       4239   zf_adc.o
       520         24          0         16          0       3672   zf_gpio.o
       228         20          0          0          0        837   zf_pit.o
       798         34          0          0          0       2305   zf_pwm.o
       580         24          0          8          0       4634   zf_spi.o
        80         10          0          0          0       1087   zf_systick.o
       326         18          0         28          0       3851   zf_tim.o
       360         32          0         10          0       4263   zf_uart.o

    ----------------------------------------------------------------------
     13224       1358       7636        392       1056     165957   Object Totals
         0          0         32          0          0          0   (incl. Generated)
        18          0          0          1          2          0   (incl. Padding)

    ----------------------------------------------------------------------

      Code (inc. data)   RO Data    RW Data    ZI Data      Debug   Library Member Name

        86          0          0          0          0          0   __dczerorl2.o
         0          0          0          0          0          0   entry.o
         0          0          0          0          0          0   entry10a.o
         0          0          0          0          0          0   entry11a.o
         8          4          0          0          0          0   entry2.o
         4          0          0          0          0          0   entry5.o
         0          0          0          0          0          0   entry7b.o
         0          0          0          0          0          0   entry8b.o
         8          4          0          0          0          0   entry9a.o
        30          0          0          0          0          0   handlers.o
        40          0          0          0          0         72   idiv.o
        36          8          0          0          0         68   init.o
         0          0          0          0          0          0   iusefp.o
        32          0          0          0          0         68   llshl.o
        38          0          0          0          0         68   llsshr.o
        34          0          0          0          0         68   llushr.o
        36          0          0          0          0         60   memcpya.o
        44          0          0          0          0         72   uidiv.o
        40          2          0          0          0         68   cdcmple.o
        40          2          0          0          0         68   cdrcmple.o
        20          0          0          0          0         68   cfcmple.o
        20          0          0          0          0         68   cfrcmple.o
        56          0          0          0          0         68   d2f.o
       356          4          0          0          0        140   dadd.o
       240          6          0          0          0         84   ddiv.o
       236          0          0          0          0        216   depilogue.o
        72         10          0          0          0         72   dfixi.o
        60         10          0          0          0         68   dfixui.o
        40          6          0          0          0         68   dflti.o
        28          4          0          0          0         68   dfltui.o
       208          6          0          0          0         88   dmul.o
        40          0          0          0          0         60   f2d.o
       178          0          0          0          0        108   fadd.o
       124          0          0          0          0         72   fdiv.o
       130          0          0          0          0        144   fepilogue.o
        40          0          0          0          0         60   ffixui.o
        22          0          0          0          0         68   fflti.o
        14          0          0          0          0         68   ffltui.o
       122          0          0          0          0         72   fmul.o

    ----------------------------------------------------------------------
      2484         66          0          0          0       2272   Library Totals
         2          0          0          0          0          0   (incl. Padding)

    ----------------------------------------------------------------------

      Code (inc. data)   RO Data    RW Data    ZI Data      Debug   Library Name

       396         16          0          0          0        476   mc_p.l
      2086         50          0          0          0       1796   mf_p.l

    ----------------------------------------------------------------------
      2484         66          0          0          0       2272   Library Totals

    ----------------------------------------------------------------------

==============================================================================


      Code (inc. data)   RO Data    RW Data    ZI Data      Debug   

     15708       1424       7636        392       1056     163273   Grand Totals
     15708       1424       7636        120       1056     163273   ELF Image Totals (compressed)
     15708       1424       7636        120          0          0   ROM Totals

==============================================================================

    Total RO  Size (Code + RO Data)                23344 (  22.80kB)
    Total RW  Size (RW Data + ZI Data)              1448 (   1.41kB)
    Total ROM Size (Code + RO Data + RW Data)      23464 (  22.91kB)

==============================================================================

